<html>
<body>
<pre>
<h1>礦ision3 Build Log</h1>
<h2>Project:</h2>
C:\Documents and Settings\Administrator\桌面\实验例程\13.DMA_test_DMA数据传输\DMA.uv2
Project File Date:  10/15/2010

<h2>Output:</h2>
Build target 'DMA'
assembling STM32F10x.s...
creating preprocessor file for stm32f10x_it.c...
compiling stm32f10x_it.c...
creating preprocessor file for main.c...
compiling main.c...
linking...
Program Size: Code=3876 RO-data=416 RW-data=16 ZI-data=688  
FromELF: creating hex file...
".\output\release.axf" - 0 Error(s), 0 Warning(s).
