<html>
<body>
<pre>
<h1>礦ision Build Log</h1>
<h2>Project:</h2>
E:\Boards\M3\核心板\实验例程\4.EXTI_test外部中断事件\EXTI.uvproj
Project File Date:  01/26/2012

<h2>Output:</h2>
Build target 'EXTI'
assembling STM32F10x.s...
creating preprocessor file for stm32f10x_it.c...
compiling stm32f10x_it.c...
creating preprocessor file for main.c...
compiling main.c...
linking...
Program Size: Code=2096 RO-data=288 RW-data=24 ZI-data=512  
FromELF: creating hex file...
".\output\release.axf" - 0 Error(s), 0 Warning(s).
