<html>
<body>
<pre>
<h1>礦ision Build Log</h1>
<h2>Project:</h2>
E:\Boards\M3\核心板\实验例程\9.IWDG_test_独立看门狗\IWDG.uvproj
Project File Date:  <unknown>

<h2>Output:</h2>
Build target 'IWDG'
assembling STM32F10x.s...
creating preprocessor file for main.c...
compiling main.c...
creating preprocessor file for stm32f10x_it.c...
compiling stm32f10x_it.c...
linking...
Program Size: Code=2076 RO-data=268 RW-data=12 ZI-data=612  
FromELF: creating hex file...
".\obj\IWDG.axf" - 0 Error(s), 0 Warning(s).
Build target 'IWDG'
assembling STM32F10x.s...
creating preprocessor file for main.c...
compiling main.c...
creating preprocessor file for stm32f10x_it.c...
compiling stm32f10x_it.c...
linking...
Program Size: Code=2076 RO-data=268 RW-data=12 ZI-data=612  
FromELF: creating hex file...
".\obj\IWDG.axf" - 0 Error(s), 0 Warning(s).
