ARM Linker, 4.1 [Build 713] [Standard]

==============================================================================

Section Cross References

    stm32f10x.o(RESET) refers to stm32f10x.o(STACK) for __initial_sp
    stm32f10x.o(RESET) refers to stm32f10x.o(.text) for Reset_Handler
    stm32f10x.o(RESET) refers to stm32f10x_it.o(i.NMIException) for NMIException
    stm32f10x.o(RESET) refers to stm32f10x_it.o(i.HardFaultException) for HardFaultException
    stm32f10x.o(RESET) refers to stm32f10x_it.o(i.MemManageException) for MemManageException
    stm32f10x.o(RESET) refers to stm32f10x_it.o(i.BusFaultException) for BusFaultException
    stm32f10x.o(RESET) refers to stm32f10x_it.o(i.UsageFaultException) for UsageFaultException
    stm32f10x.o(RESET) refers to stm32f10x_it.o(i.SVCHandler) for SVCHandler
    stm32f10x.o(RESET) refers to stm32f10x_it.o(i.DebugMonitor) for DebugMonitor
    stm32f10x.o(RESET) refers to stm32f10x_it.o(i.PendSVC) for PendSVC
    stm32f10x.o(RESET) refers to stm32f10x_it.o(i.SysTickHandler) for SysTickHandler
    stm32f10x.o(RESET) refers to stm32f10x_it.o(i.WWDG_IRQHandler) for WWDG_IRQHandler
    stm32f10x.o(RESET) refers to stm32f10x_it.o(i.PVD_IRQHandler) for PVD_IRQHandler
    stm32f10x.o(RESET) refers to stm32f10x_it.o(i.TAMPER_IRQHandler) for TAMPER_IRQHandler
    stm32f10x.o(RESET) refers to stm32f10x_it.o(i.RTC_IRQHandler) for RTC_IRQHandler
    stm32f10x.o(RESET) refers to stm32f10x_it.o(i.FLASH_IRQHandler) for FLASH_IRQHandler
    stm32f10x.o(RESET) refers to stm32f10x_it.o(i.RCC_IRQHandler) for RCC_IRQHandler
    stm32f10x.o(RESET) refers to stm32f10x_it.o(i.EXTI0_IRQHandler) for EXTI0_IRQHandler
    stm32f10x.o(RESET) refers to stm32f10x_it.o(i.EXTI1_IRQHandler) for EXTI1_IRQHandler
    stm32f10x.o(RESET) refers to stm32f10x_it.o(i.EXTI2_IRQHandler) for EXTI2_IRQHandler
    stm32f10x.o(RESET) refers to stm32f10x_it.o(i.EXTI3_IRQHandler) for EXTI3_IRQHandler
    stm32f10x.o(RESET) refers to stm32f10x_it.o(i.EXTI4_IRQHandler) for EXTI4_IRQHandler
    stm32f10x.o(RESET) refers to stm32f10x_it.o(i.DMAChannel1_IRQHandler) for DMAChannel1_IRQHandler
    stm32f10x.o(RESET) refers to stm32f10x_it.o(i.DMAChannel2_IRQHandler) for DMAChannel2_IRQHandler
    stm32f10x.o(RESET) refers to stm32f10x_it.o(i.DMAChannel3_IRQHandler) for DMAChannel3_IRQHandler
    stm32f10x.o(RESET) refers to stm32f10x_it.o(i.DMAChannel4_IRQHandler) for DMAChannel4_IRQHandler
    stm32f10x.o(RESET) refers to stm32f10x_it.o(i.DMAChannel5_IRQHandler) for DMAChannel5_IRQHandler
    stm32f10x.o(RESET) refers to stm32f10x_it.o(i.DMAChannel6_IRQHandler) for DMAChannel6_IRQHandler
    stm32f10x.o(RESET) refers to stm32f10x_it.o(i.DMAChannel7_IRQHandler) for DMAChannel7_IRQHandler
    stm32f10x.o(RESET) refers to stm32f10x_it.o(i.ADC_IRQHandler) for ADC_IRQHandler
    stm32f10x.o(RESET) refers to stm32f10x_it.o(i.USB_HP_CAN_TX_IRQHandler) for USB_HP_CAN_TX_IRQHandler
    stm32f10x.o(RESET) refers to stm32f10x_it.o(i.USB_LP_CAN_RX0_IRQHandler) for USB_LP_CAN_RX0_IRQHandler
    stm32f10x.o(RESET) refers to stm32f10x_it.o(i.CAN_RX1_IRQHandler) for CAN_RX1_IRQHandler
    stm32f10x.o(RESET) refers to stm32f10x_it.o(i.CAN_SCE_IRQHandler) for CAN_SCE_IRQHandler
    stm32f10x.o(RESET) refers to stm32f10x_it.o(i.EXTI9_5_IRQHandler) for EXTI9_5_IRQHandler
    stm32f10x.o(RESET) refers to stm32f10x_it.o(i.TIM1_BRK_IRQHandler) for TIM1_BRK_IRQHandler
    stm32f10x.o(RESET) refers to stm32f10x_it.o(i.TIM1_UP_IRQHandler) for TIM1_UP_IRQHandler
    stm32f10x.o(RESET) refers to stm32f10x_it.o(i.TIM1_TRG_COM_IRQHandler) for TIM1_TRG_COM_IRQHandler
    stm32f10x.o(RESET) refers to stm32f10x_it.o(i.TIM1_CC_IRQHandler) for TIM1_CC_IRQHandler
    stm32f10x.o(RESET) refers to stm32f10x_it.o(i.TIM2_IRQHandler) for TIM2_IRQHandler
    stm32f10x.o(RESET) refers to stm32f10x_it.o(i.TIM3_IRQHandler) for TIM3_IRQHandler
    stm32f10x.o(RESET) refers to stm32f10x_it.o(i.TIM4_IRQHandler) for TIM4_IRQHandler
    stm32f10x.o(RESET) refers to stm32f10x_it.o(i.I2C1_EV_IRQHandler) for I2C1_EV_IRQHandler
    stm32f10x.o(RESET) refers to stm32f10x_it.o(i.I2C1_ER_IRQHandler) for I2C1_ER_IRQHandler
    stm32f10x.o(RESET) refers to stm32f10x_it.o(i.I2C2_EV_IRQHandler) for I2C2_EV_IRQHandler
    stm32f10x.o(RESET) refers to stm32f10x_it.o(i.I2C2_ER_IRQHandler) for I2C2_ER_IRQHandler
    stm32f10x.o(RESET) refers to stm32f10x_it.o(i.SPI1_IRQHandler) for SPI1_IRQHandler
    stm32f10x.o(RESET) refers to stm32f10x_it.o(i.SPI2_IRQHandler) for SPI2_IRQHandler
    stm32f10x.o(RESET) refers to stm32f10x_it.o(i.USART1_IRQHandler) for USART1_IRQHandler
    stm32f10x.o(RESET) refers to stm32f10x_it.o(i.USART2_IRQHandler) for USART2_IRQHandler
    stm32f10x.o(RESET) refers to stm32f10x_it.o(i.USART3_IRQHandler) for USART3_IRQHandler
    stm32f10x.o(RESET) refers to stm32f10x_it.o(i.EXTI15_10_IRQHandler) for EXTI15_10_IRQHandler
    stm32f10x.o(RESET) refers to stm32f10x_it.o(i.RTCAlarm_IRQHandler) for RTCAlarm_IRQHandler
    stm32f10x.o(RESET) refers to stm32f10x_it.o(i.USBWakeUp_IRQHandler) for USBWakeUp_IRQHandler
    stm32f10x.o(.text) refers to entry.o(.ARM.Collect$$$$00000000) for __main
    main.o(i.main) refers to hw_config.o(i.Set_System) for Set_System
    main.o(i.main) refers to hw_config.o(i.USB_Interrupts_Config) for USB_Interrupts_Config
    main.o(i.main) refers to hw_config.o(i.Set_USBClock) for Set_USBClock
    main.o(i.main) refers to usb_init.o(i.USB_Init) for USB_Init
    main.o(i.main) refers to hw_config.o(i.JoyState) for JoyState
    main.o(i.main) refers to hw_config.o(i.Joystick_Send) for Joystick_Send
    usb_istr.o(i.USB_Istr) refers to usb_pwr.o(i.Resume) for Resume
    usb_istr.o(i.USB_Istr) refers to usb_pwr.o(i.Suspend) for Suspend
    usb_istr.o(i.USB_Istr) refers to usb_int.o(i.CTR_LP) for CTR_LP
    usb_istr.o(i.USB_Istr) refers to usb_istr.o(.data) for .data
    usb_istr.o(i.USB_Istr) refers to usb_init.o(.data) for wInterrupt_Mask
    usb_istr.o(i.USB_Istr) refers to usb_prop.o(.data) for Device_Property
    usb_istr.o(i.USB_Istr) refers to usb_pwr.o(.data) for fSuspendEnabled
    usb_istr.o(.data) refers to usb_core.o(i.NOP_Process) for NOP_Process
    usb_istr.o(.data) refers to usb_core.o(i.NOP_Process) for NOP_Process
    usb_prop.o(i.Joystick_Data_Setup) refers to usb_init.o(.data) for pInformation
    usb_prop.o(i.Joystick_Data_Setup) refers to usb_prop.o(i.Joystick_GetReportDescriptor) for Joystick_GetReportDescriptor
    usb_prop.o(i.Joystick_Data_Setup) refers to usb_prop.o(i.Joystick_GetHIDDescriptor) for Joystick_GetHIDDescriptor
    usb_prop.o(i.Joystick_Data_Setup) refers to usb_prop.o(i.Joystick_GetProtocolValue) for Joystick_GetProtocolValue
    usb_prop.o(i.Joystick_GetConfigDescriptor) refers to usb_core.o(i.Standard_GetDescriptorData) for Standard_GetDescriptorData
    usb_prop.o(i.Joystick_GetConfigDescriptor) refers to usb_prop.o(.data) for .data
    usb_prop.o(i.Joystick_GetDeviceDescriptor) refers to usb_core.o(i.Standard_GetDescriptorData) for Standard_GetDescriptorData
    usb_prop.o(i.Joystick_GetDeviceDescriptor) refers to usb_prop.o(.data) for .data
    usb_prop.o(i.Joystick_GetHIDDescriptor) refers to usb_core.o(i.Standard_GetDescriptorData) for Standard_GetDescriptorData
    usb_prop.o(i.Joystick_GetHIDDescriptor) refers to usb_prop.o(.data) for .data
    usb_prop.o(i.Joystick_GetProtocolValue) refers to usb_prop.o(.data) for .data
    usb_prop.o(i.Joystick_GetProtocolValue) refers to usb_init.o(.data) for pInformation
    usb_prop.o(i.Joystick_GetReportDescriptor) refers to usb_core.o(i.Standard_GetDescriptorData) for Standard_GetDescriptorData
    usb_prop.o(i.Joystick_GetReportDescriptor) refers to usb_prop.o(.data) for .data
    usb_prop.o(i.Joystick_GetStringDescriptor) refers to usb_core.o(i.Standard_GetDescriptorData) for Standard_GetDescriptorData
    usb_prop.o(i.Joystick_GetStringDescriptor) refers to usb_init.o(.data) for pInformation
    usb_prop.o(i.Joystick_GetStringDescriptor) refers to usb_prop.o(.data) for .data
    usb_prop.o(i.Joystick_NoData_Setup) refers to usb_prop.o(i.Joystick_SetProtocol) for Joystick_SetProtocol
    usb_prop.o(i.Joystick_NoData_Setup) refers to usb_init.o(.data) for pInformation
    usb_prop.o(i.Joystick_Reset) refers to usb_regs.o(i.SetBTABLE) for SetBTABLE
    usb_prop.o(i.Joystick_Reset) refers to usb_regs.o(i.SetEPType) for SetEPType
    usb_prop.o(i.Joystick_Reset) refers to usb_regs.o(i.SetEPTxStatus) for SetEPTxStatus
    usb_prop.o(i.Joystick_Reset) refers to usb_regs.o(i.SetEPRxAddr) for SetEPRxAddr
    usb_prop.o(i.Joystick_Reset) refers to usb_regs.o(i.SetEPTxAddr) for SetEPTxAddr
    usb_prop.o(i.Joystick_Reset) refers to usb_regs.o(i.Clear_Status_Out) for Clear_Status_Out
    usb_prop.o(i.Joystick_Reset) refers to usb_regs.o(i.SetEPRxCount) for SetEPRxCount
    usb_prop.o(i.Joystick_Reset) refers to usb_regs.o(i.SetEPRxValid) for SetEPRxValid
    usb_prop.o(i.Joystick_Reset) refers to usb_regs.o(i.SetEPTxCount) for SetEPTxCount
    usb_prop.o(i.Joystick_Reset) refers to usb_regs.o(i.SetEPRxStatus) for SetEPRxStatus
    usb_prop.o(i.Joystick_Reset) refers to usb_core.o(i.SetDeviceAddress) for SetDeviceAddress
    usb_prop.o(i.Joystick_Reset) refers to usb_init.o(.data) for pInformation
    usb_prop.o(i.Joystick_Reset) refers to usb_prop.o(.data) for .data
    usb_prop.o(i.Joystick_SetProtocol) refers to usb_init.o(.data) for pInformation
    usb_prop.o(i.Joystick_SetProtocol) refers to usb_prop.o(.data) for .data
    usb_prop.o(i.Joystick_init) refers to usb_pwr.o(i.PowerOn) for PowerOn
    usb_prop.o(i.Joystick_init) refers to usb_core.o(i.NOP_Process) for NOP_Process
    usb_prop.o(i.Joystick_init) refers to usb_init.o(.data) for pInformation
    usb_prop.o(i.Joystick_init) refers to usb_init.o(.data) for wInterrupt_Mask
    usb_prop.o(i.Joystick_init) refers to usb_desc.o(.constdata) for Joystick_ConfigDescriptor
    usb_prop.o(i.Joystick_init) refers to usb_pwr.o(.data) for bDeviceState
    usb_prop.o(.data) refers to usb_desc.o(.constdata) for Joystick_DeviceDescriptor
    usb_prop.o(.data) refers to usb_desc.o(.constdata) for Joystick_ConfigDescriptor
    usb_prop.o(.data) refers to usb_desc.o(.constdata) for Joystick_ReportDescriptor
    usb_prop.o(.data) refers to usb_prop.o(i.Joystick_init) for Joystick_init
    usb_prop.o(.data) refers to usb_prop.o(i.Joystick_Reset) for Joystick_Reset
    usb_prop.o(.data) refers to usb_prop.o(i.Joystick_Status_In) for Joystick_Status_In
    usb_prop.o(.data) refers to usb_prop.o(i.Joystick_Status_Out) for Joystick_Status_Out
    usb_prop.o(.data) refers to usb_prop.o(i.Joystick_Data_Setup) for Joystick_Data_Setup
    usb_prop.o(.data) refers to usb_prop.o(i.Joystick_NoData_Setup) for Joystick_NoData_Setup
    usb_prop.o(.data) refers to usb_prop.o(i.Joystick_Get_Interface_Setting) for Joystick_Get_Interface_Setting
    usb_prop.o(.data) refers to usb_prop.o(i.Joystick_GetDeviceDescriptor) for Joystick_GetDeviceDescriptor
    usb_prop.o(.data) refers to usb_prop.o(i.Joystick_GetConfigDescriptor) for Joystick_GetConfigDescriptor
    usb_prop.o(.data) refers to usb_prop.o(i.Joystick_GetStringDescriptor) for Joystick_GetStringDescriptor
    usb_prop.o(.data) refers to usb_desc.o(.constdata) for Joystick_StringLangID
    usb_prop.o(.data) refers to usb_desc.o(.constdata) for Joystick_StringVendor
    usb_prop.o(.data) refers to usb_desc.o(.constdata) for Joystick_StringProduct
    usb_prop.o(.data) refers to usb_desc.o(.constdata) for Joystick_StringSerial
    usb_prop.o(.data) refers to usb_core.o(i.NOP_Process) for NOP_Process
    usb_pwr.o(i.PowerOff) refers to hw_config.o(i.USB_Cable_Config) for USB_Cable_Config
    usb_pwr.o(i.PowerOn) refers to hw_config.o(i.USB_Cable_Config) for USB_Cable_Config
    usb_pwr.o(i.PowerOn) refers to usb_init.o(.data) for wInterrupt_Mask
    usb_pwr.o(i.Resume) refers to usb_pwr.o(i.Resume_Init) for Resume_Init
    usb_pwr.o(i.Resume) refers to usb_pwr.o(.data) for .data
    usb_pwr.o(i.Resume_Init) refers to hw_config.o(i.Leave_LowPowerMode) for Leave_LowPowerMode
    usb_pwr.o(i.Suspend) refers to hw_config.o(i.Enter_LowPowerMode) for Enter_LowPowerMode
    hw_config.o(i.JoyState) refers to stm32f10x_gpio.o(i.GPIO_ReadInputDataBit) for GPIO_ReadInputDataBit
    hw_config.o(i.Joystick_Send) refers to usb_regs.o(i.GetEPTxAddr) for GetEPTxAddr
    hw_config.o(i.Joystick_Send) refers to usb_mem.o(i.UserToPMABufferCopy) for UserToPMABufferCopy
    hw_config.o(i.Joystick_Send) refers to usb_regs.o(i.SetEPTxValid) for SetEPTxValid
    hw_config.o(i.Set_System) refers to stm32f10x_rcc.o(i.RCC_DeInit) for RCC_DeInit
    hw_config.o(i.Set_System) refers to stm32f10x_rcc.o(i.RCC_HSEConfig) for RCC_HSEConfig
    hw_config.o(i.Set_System) refers to stm32f10x_rcc.o(i.RCC_WaitForHSEStartUp) for RCC_WaitForHSEStartUp
    hw_config.o(i.Set_System) refers to stm32f10x_flash.o(i.FLASH_PrefetchBufferCmd) for FLASH_PrefetchBufferCmd
    hw_config.o(i.Set_System) refers to stm32f10x_flash.o(i.FLASH_SetLatency) for FLASH_SetLatency
    hw_config.o(i.Set_System) refers to stm32f10x_rcc.o(i.RCC_HCLKConfig) for RCC_HCLKConfig
    hw_config.o(i.Set_System) refers to stm32f10x_rcc.o(i.RCC_PCLK2Config) for RCC_PCLK2Config
    hw_config.o(i.Set_System) refers to stm32f10x_rcc.o(i.RCC_PCLK1Config) for RCC_PCLK1Config
    hw_config.o(i.Set_System) refers to stm32f10x_rcc.o(i.RCC_ADCCLKConfig) for RCC_ADCCLKConfig
    hw_config.o(i.Set_System) refers to stm32f10x_rcc.o(i.RCC_PLLConfig) for RCC_PLLConfig
    hw_config.o(i.Set_System) refers to stm32f10x_rcc.o(i.RCC_PLLCmd) for RCC_PLLCmd
    hw_config.o(i.Set_System) refers to stm32f10x_rcc.o(i.RCC_GetFlagStatus) for RCC_GetFlagStatus
    hw_config.o(i.Set_System) refers to stm32f10x_rcc.o(i.RCC_SYSCLKConfig) for RCC_SYSCLKConfig
    hw_config.o(i.Set_System) refers to stm32f10x_rcc.o(i.RCC_GetSYSCLKSource) for RCC_GetSYSCLKSource
    hw_config.o(i.Set_System) refers to stm32f10x_rcc.o(i.RCC_APB2PeriphClockCmd) for RCC_APB2PeriphClockCmd
    hw_config.o(i.Set_System) refers to stm32f10x_gpio.o(i.GPIO_Init) for GPIO_Init
    hw_config.o(i.Set_System) refers to hw_config.o(.data) for .data
    hw_config.o(i.Set_USBClock) refers to stm32f10x_rcc.o(i.RCC_USBCLKConfig) for RCC_USBCLKConfig
    hw_config.o(i.Set_USBClock) refers to stm32f10x_rcc.o(i.RCC_APB1PeriphClockCmd) for RCC_APB1PeriphClockCmd
    hw_config.o(i.USB_Cable_Config) refers to stm32f10x_gpio.o(i.GPIO_ResetBits) for GPIO_ResetBits
    hw_config.o(i.USB_Cable_Config) refers to stm32f10x_gpio.o(i.GPIO_SetBits) for GPIO_SetBits
    hw_config.o(i.USB_Interrupts_Config) refers to stm32f10x_nvic.o(i.NVIC_SetVectorTable) for NVIC_SetVectorTable
    hw_config.o(i.USB_Interrupts_Config) refers to stm32f10x_nvic.o(i.NVIC_PriorityGroupConfig) for NVIC_PriorityGroupConfig
    hw_config.o(i.USB_Interrupts_Config) refers to stm32f10x_nvic.o(i.NVIC_Init) for NVIC_Init
    stm32f10x_it.o(i.USB_LP_CAN_RX0_IRQHandler) refers to usb_istr.o(i.USB_Istr) for USB_Istr
    usb_core.o(i.DataStageIn) refers to usb_regs.o(i.GetEPTxAddr) for GetEPTxAddr
    usb_core.o(i.DataStageIn) refers to usb_mem.o(i.UserToPMABufferCopy) for UserToPMABufferCopy
    usb_core.o(i.DataStageIn) refers to usb_regs.o(i.SetEPTxCount) for SetEPTxCount
    usb_core.o(i.DataStageIn) refers to usb_init.o(.data) for pInformation
    usb_core.o(i.DataStageIn) refers to usb_int.o(.data) for SaveTState
    usb_core.o(i.DataStageOut) refers to usb_regs.o(i.GetEPRxAddr) for GetEPRxAddr
    usb_core.o(i.DataStageOut) refers to usb_mem.o(i.PMAToUserBufferCopy) for PMAToUserBufferCopy
    usb_core.o(i.DataStageOut) refers to usb_regs.o(i.SetEPTxCount) for SetEPTxCount
    usb_core.o(i.DataStageOut) refers to usb_init.o(.data) for pInformation
    usb_core.o(i.DataStageOut) refers to usb_int.o(.data) for SaveTState
    usb_core.o(i.Data_Setup0) refers to usb_core.o(i.DataStageIn) for DataStageIn
    usb_core.o(i.Data_Setup0) refers to usb_init.o(.data) for pInformation
    usb_core.o(i.Data_Setup0) refers to usb_core.o(i.Standard_GetStatus) for Standard_GetStatus
    usb_core.o(i.Data_Setup0) refers to usb_prop.o(.data) for Device_Table
    usb_core.o(i.Data_Setup0) refers to usb_core.o(i.Standard_GetConfiguration) for Standard_GetConfiguration
    usb_core.o(i.Data_Setup0) refers to usb_core.o(i.Standard_GetInterface) for Standard_GetInterface
    usb_core.o(i.Data_Setup0) refers to usb_int.o(.data) for SaveRState
    usb_core.o(i.In0_Process) refers to usb_core.o(i.DataStageIn) for DataStageIn
    usb_core.o(i.In0_Process) refers to usb_core.o(i.SetDeviceAddress) for SetDeviceAddress
    usb_core.o(i.In0_Process) refers to usb_core.o(i.Post0_Process) for Post0_Process
    usb_core.o(i.In0_Process) refers to usb_init.o(.data) for pInformation
    usb_core.o(i.NoData_Setup0) refers to usb_core.o(i.Standard_SetConfiguration) for Standard_SetConfiguration
    usb_core.o(i.NoData_Setup0) refers to usb_core.o(i.Standard_SetDeviceFeature) for Standard_SetDeviceFeature
    usb_core.o(i.NoData_Setup0) refers to usb_core.o(i.Standard_SetInterface) for Standard_SetInterface
    usb_core.o(i.NoData_Setup0) refers to usb_core.o(i.Standard_ClearFeature) for Standard_ClearFeature
    usb_core.o(i.NoData_Setup0) refers to usb_core.o(i.Standard_SetEndPointFeature) for Standard_SetEndPointFeature
    usb_core.o(i.NoData_Setup0) refers to usb_init.o(.data) for pInformation
    usb_core.o(i.NoData_Setup0) refers to usb_int.o(.data) for SaveTState
    usb_core.o(i.Out0_Process) refers to usb_core.o(i.DataStageOut) for DataStageOut
    usb_core.o(i.Out0_Process) refers to usb_core.o(i.Post0_Process) for Post0_Process
    usb_core.o(i.Out0_Process) refers to usb_init.o(.data) for pInformation
    usb_core.o(i.Post0_Process) refers to usb_regs.o(i.SetEPRxCount) for SetEPRxCount
    usb_core.o(i.Post0_Process) refers to usb_prop.o(.data) for Device_Property
    usb_core.o(i.Post0_Process) refers to usb_init.o(.data) for pInformation
    usb_core.o(i.Post0_Process) refers to usb_int.o(.data) for SaveRState
    usb_core.o(i.SetDeviceAddress) refers to usb_prop.o(.data) for Device_Table
    usb_core.o(i.Setup0_Process) refers to usb_regs.o(i.ByteSwap) for ByteSwap
    usb_core.o(i.Setup0_Process) refers to usb_core.o(i.Data_Setup0) for Data_Setup0
    usb_core.o(i.Setup0_Process) refers to usb_core.o(i.Post0_Process) for Post0_Process
    usb_core.o(i.Setup0_Process) refers to usb_core.o(i.NoData_Setup0) for NoData_Setup0
    usb_core.o(i.Setup0_Process) refers to usb_init.o(.data) for pInformation
    usb_core.o(i.Standard_ClearFeature) refers to usb_regs.o(i.ClearDTOG_TX) for ClearDTOG_TX
    usb_core.o(i.Standard_ClearFeature) refers to usb_regs.o(i.SetEPTxStatus) for SetEPTxStatus
    usb_core.o(i.Standard_ClearFeature) refers to usb_regs.o(i.ClearDTOG_RX) for ClearDTOG_RX
    usb_core.o(i.Standard_ClearFeature) refers to usb_regs.o(i.SetEPRxCount) for SetEPRxCount
    usb_core.o(i.Standard_ClearFeature) refers to usb_init.o(.data) for pInformation
    usb_core.o(i.Standard_ClearFeature) refers to usb_prop.o(.data) for Device_Table
    usb_core.o(i.Standard_ClearFeature) refers to usb_prop.o(.data) for Device_Property
    usb_core.o(i.Standard_GetConfiguration) refers to usb_init.o(.data) for pInformation
    usb_core.o(i.Standard_GetDescriptorData) refers to usb_init.o(.data) for pInformation
    usb_core.o(i.Standard_GetInterface) refers to usb_init.o(.data) for pInformation
    usb_core.o(i.Standard_GetStatus) refers to usb_init.o(.data) for pInformation
    usb_core.o(i.Standard_GetStatus) refers to usb_core.o(.data) for .data
    usb_core.o(i.Standard_SetConfiguration) refers to usb_init.o(.data) for pInformation
    usb_core.o(i.Standard_SetConfiguration) refers to usb_prop.o(.data) for Device_Table
    usb_core.o(i.Standard_SetDeviceFeature) refers to usb_init.o(.data) for pInformation
    usb_core.o(i.Standard_SetEndPointFeature) refers to usb_init.o(.data) for pInformation
    usb_core.o(i.Standard_SetEndPointFeature) refers to usb_prop.o(.data) for Device_Table
    usb_core.o(i.Standard_SetInterface) refers to usb_init.o(.data) for pInformation
    usb_init.o(i.USB_Init) refers to usb_init.o(.bss) for .bss
    usb_init.o(i.USB_Init) refers to usb_init.o(.data) for .data
    usb_init.o(i.USB_Init) refers to usb_prop.o(.data) for Device_Property
    usb_init.o(i.USB_Init) refers to usb_prop.o(.data) for User_Standard_Requests
    usb_int.o(i.CTR_HP) refers to usb_init.o(.data) for EPindex
    usb_int.o(i.CTR_HP) refers to usb_istr.o(.data) for wIstr
    usb_int.o(i.CTR_HP) refers to usb_istr.o(.data) for pEpInt_OUT
    usb_int.o(i.CTR_HP) refers to usb_istr.o(.data) for pEpInt_IN
    usb_int.o(i.CTR_LP) refers to usb_core.o(i.In0_Process) for In0_Process
    usb_int.o(i.CTR_LP) refers to usb_core.o(i.Setup0_Process) for Setup0_Process
    usb_int.o(i.CTR_LP) refers to usb_core.o(i.Out0_Process) for Out0_Process
    usb_int.o(i.CTR_LP) refers to usb_int.o(.data) for .data
    usb_int.o(i.CTR_LP) refers to usb_init.o(.data) for EPindex
    usb_int.o(i.CTR_LP) refers to usb_istr.o(.data) for wIstr
    usb_int.o(i.CTR_LP) refers to usb_istr.o(.data) for pEpInt_OUT
    usb_int.o(i.CTR_LP) refers to usb_istr.o(.data) for pEpInt_IN
    usb_regs.o(i.SetDouBleBuffEPStall) refers to usb_regs.o(i.GetENDPOINT) for GetENDPOINT
    stm32f10x_flash.o(i.FLASH_WaitForLastOperation) refers to stm32f10x_flash.o(i.FLASH_GetStatus) for FLASH_GetStatus
    stm32f10x_flash.o(i.FLASH_ErasePage) refers to stm32f10x_flash.o(i.FLASH_WaitForLastOperation) for FLASH_WaitForLastOperation
    stm32f10x_flash.o(i.FLASH_EraseAllPages) refers to stm32f10x_flash.o(i.FLASH_WaitForLastOperation) for FLASH_WaitForLastOperation
    stm32f10x_flash.o(i.FLASH_EraseOptionBytes) refers to stm32f10x_flash.o(i.FLASH_WaitForLastOperation) for FLASH_WaitForLastOperation
    stm32f10x_flash.o(i.FLASH_ProgramWord) refers to stm32f10x_flash.o(i.FLASH_WaitForLastOperation) for FLASH_WaitForLastOperation
    stm32f10x_flash.o(i.FLASH_ProgramHalfWord) refers to stm32f10x_flash.o(i.FLASH_WaitForLastOperation) for FLASH_WaitForLastOperation
    stm32f10x_flash.o(i.FLASH_ProgramOptionByteData) refers to stm32f10x_flash.o(i.FLASH_WaitForLastOperation) for FLASH_WaitForLastOperation
    stm32f10x_flash.o(i.FLASH_EnableWriteProtection) refers to stm32f10x_flash.o(i.FLASH_WaitForLastOperation) for FLASH_WaitForLastOperation
    stm32f10x_flash.o(i.FLASH_ReadOutProtection) refers to stm32f10x_flash.o(i.FLASH_WaitForLastOperation) for FLASH_WaitForLastOperation
    stm32f10x_flash.o(i.FLASH_UserOptionByteConfig) refers to stm32f10x_flash.o(i.FLASH_WaitForLastOperation) for FLASH_WaitForLastOperation
    stm32f10x_gpio.o(i.GPIO_DeInit) refers to stm32f10x_rcc.o(i.RCC_APB2PeriphResetCmd) for RCC_APB2PeriphResetCmd
    stm32f10x_gpio.o(i.GPIO_AFIODeInit) refers to stm32f10x_rcc.o(i.RCC_APB2PeriphResetCmd) for RCC_APB2PeriphResetCmd
    stm32f10x_nvic.o(i.NVIC_SETPRIMASK) refers to cortexm3_macro.o(.text) for __SETPRIMASK
    stm32f10x_nvic.o(i.NVIC_RESETPRIMASK) refers to cortexm3_macro.o(.text) for __RESETPRIMASK
    stm32f10x_nvic.o(i.NVIC_SETFAULTMASK) refers to cortexm3_macro.o(.text) for __SETFAULTMASK
    stm32f10x_nvic.o(i.NVIC_RESETFAULTMASK) refers to cortexm3_macro.o(.text) for __RESETFAULTMASK
    stm32f10x_nvic.o(i.NVIC_BASEPRICONFIG) refers to cortexm3_macro.o(.text) for __BASEPRICONFIG
    stm32f10x_nvic.o(i.NVIC_GetBASEPRI) refers to cortexm3_macro.o(.text) for __GetBASEPRI
    stm32f10x_rcc.o(i.RCC_WaitForHSEStartUp) refers to stm32f10x_rcc.o(i.RCC_GetFlagStatus) for RCC_GetFlagStatus
    stm32f10x_rcc.o(i.RCC_WaitForHSEStartUp) refers to stm32f10x_rcc.o(.data) for .data
    stm32f10x_rcc.o(i.RCC_GetClocksFreq) refers to stm32f10x_rcc.o(.constdata) for .constdata
    entry.o(.ARM.Collect$$$$00000000) refers (Special) to entry7.o(.ARM.Collect$$$$00000007) for _main_init
    entry.o(.ARM.Collect$$$$00000000) refers (Special) to entry5.o(.ARM.Collect$$$$00000004) for _main_scatterload
    entry.o(.ARM.Collect$$$$00000000) refers (Special) to entry2.o(.ARM.Collect$$$$00000001) for _main_stk
    entry2.o(.ARM.Collect$$$$00000001) refers to entry2.o(.ARM.Collect$$$$00002712) for __lit__00000000
    entry2.o(.ARM.Collect$$$$00002712) refers to stm32f10x.o(STACK) for __initial_sp
    entry2.o(__vectab_stack_and_reset_area) refers to stm32f10x.o(STACK) for __initial_sp
    entry2.o(__vectab_stack_and_reset_area) refers to entry.o(.ARM.Collect$$$$00000000) for __main
    entry5.o(.ARM.Collect$$$$00000004) refers to init.o(.text) for __scatterload
    entry7.o(.ARM.Collect$$$$00000007) refers to main.o(i.main) for main
    init.o(.text) refers to entry5.o(.ARM.Collect$$$$00000004) for __main_after_scatterload


==============================================================================

Removing Unused input sections from the image.

    Removing stm32f10x.o(HEAP), (0 bytes).
    Removing main.o(i.Delay), (10 bytes).
    Removing usb_pwr.o(i.PowerOff), (32 bytes).
    Removing usb_init.o(.data), (2 bytes).
    Removing usb_int.o(i.CTR_HP), (144 bytes).
    Removing usb_regs.o(i.ClearEPDoubleBuff), (24 bytes).
    Removing usb_regs.o(i.ClearEP_CTR_RX), (24 bytes).
    Removing usb_regs.o(i.ClearEP_CTR_TX), (24 bytes).
    Removing usb_regs.o(i.ClearEP_KIND), (24 bytes).
    Removing usb_regs.o(i.FreeUserBuffer), (48 bytes).
    Removing usb_regs.o(i.GetBTABLE), (12 bytes).
    Removing usb_regs.o(i.GetCNTR), (12 bytes).
    Removing usb_regs.o(i.GetDADDR), (12 bytes).
    Removing usb_regs.o(i.GetENDPOINT), (16 bytes).
    Removing usb_regs.o(i.GetEPAddress), (16 bytes).
    Removing usb_regs.o(i.GetEPDblBuf0Addr), (28 bytes).
    Removing usb_regs.o(i.GetEPDblBuf0Count), (32 bytes).
    Removing usb_regs.o(i.GetEPDblBuf1Addr), (32 bytes).
    Removing usb_regs.o(i.GetEPDblBuf1Count), (32 bytes).
    Removing usb_regs.o(i.GetEPDblBufDir), (60 bytes).
    Removing usb_regs.o(i.GetEPRxCount), (32 bytes).
    Removing usb_regs.o(i.GetEPRxStatus), (20 bytes).
    Removing usb_regs.o(i.GetEPTxCount), (32 bytes).
    Removing usb_regs.o(i.GetEPTxStatus), (20 bytes).
    Removing usb_regs.o(i.GetEPType), (20 bytes).
    Removing usb_regs.o(i.GetFNR), (12 bytes).
    Removing usb_regs.o(i.GetISTR), (12 bytes).
    Removing usb_regs.o(i.GetRxStallStatus), (24 bytes).
    Removing usb_regs.o(i.GetTxStallStatus), (24 bytes).
    Removing usb_regs.o(i.SetCNTR), (12 bytes).
    Removing usb_regs.o(i.SetDADDR), (12 bytes).
    Removing usb_regs.o(i.SetDouBleBuffEPStall), (44 bytes).
    Removing usb_regs.o(i.SetENDPOINT), (12 bytes).
    Removing usb_regs.o(i.SetEPAddress), (28 bytes).
    Removing usb_regs.o(i.SetEPCountRxReg), (40 bytes).
    Removing usb_regs.o(i.SetEPDblBuf0Addr), (32 bytes).
    Removing usb_regs.o(i.SetEPDblBuf0Count), (92 bytes).
    Removing usb_regs.o(i.SetEPDblBuf1Addr), (32 bytes).
    Removing usb_regs.o(i.SetEPDblBuf1Count), (92 bytes).
    Removing usb_regs.o(i.SetEPDblBuffAddr), (52 bytes).
    Removing usb_regs.o(i.SetEPDblBuffCount), (172 bytes).
    Removing usb_regs.o(i.SetEPDoubleBuff), (28 bytes).
    Removing usb_regs.o(i.SetEP_KIND), (28 bytes).
    Removing usb_regs.o(i.SetISTR), (12 bytes).
    Removing usb_regs.o(i.Set_Status_Out), (28 bytes).
    Removing usb_regs.o(i.ToWord), (6 bytes).
    Removing usb_regs.o(i.ToggleDTOG_RX), (28 bytes).
    Removing usb_regs.o(i.ToggleDTOG_TX), (28 bytes).
    Removing stm32f10x_flash.o(i.FLASH_HalfCycleAccessCmd), (24 bytes).
    Removing stm32f10x_flash.o(i.FLASH_Unlock), (24 bytes).
    Removing stm32f10x_flash.o(i.FLASH_Lock), (16 bytes).
    Removing stm32f10x_flash.o(i.FLASH_GetStatus), (40 bytes).
    Removing stm32f10x_flash.o(i.FLASH_WaitForLastOperation), (40 bytes).
    Removing stm32f10x_flash.o(i.FLASH_ErasePage), (64 bytes).
    Removing stm32f10x_flash.o(i.FLASH_EraseAllPages), (60 bytes).
    Removing stm32f10x_flash.o(i.FLASH_EraseOptionBytes), (116 bytes).
    Removing stm32f10x_flash.o(i.FLASH_ProgramWord), (68 bytes).
    Removing stm32f10x_flash.o(i.FLASH_ProgramHalfWord), (56 bytes).
    Removing stm32f10x_flash.o(i.FLASH_ProgramOptionByteData), (72 bytes).
    Removing stm32f10x_flash.o(i.FLASH_EnableWriteProtection), (168 bytes).
    Removing stm32f10x_flash.o(i.FLASH_ReadOutProtection), (136 bytes).
    Removing stm32f10x_flash.o(i.FLASH_UserOptionByteConfig), (88 bytes).
    Removing stm32f10x_flash.o(i.FLASH_GetUserOptionByte), (12 bytes).
    Removing stm32f10x_flash.o(i.FLASH_GetWriteProtectionOptionByte), (12 bytes).
    Removing stm32f10x_flash.o(i.FLASH_GetReadOutProtectionStatus), (20 bytes).
    Removing stm32f10x_flash.o(i.FLASH_GetPrefetchBufferStatus), (20 bytes).
    Removing stm32f10x_flash.o(i.FLASH_ITConfig), (24 bytes).
    Removing stm32f10x_flash.o(i.FLASH_GetFlagStatus), (32 bytes).
    Removing stm32f10x_flash.o(i.FLASH_ClearFlag), (12 bytes).
    Removing stm32f10x_gpio.o(i.GPIO_DeInit), (160 bytes).
    Removing stm32f10x_gpio.o(i.GPIO_AFIODeInit), (22 bytes).
    Removing stm32f10x_gpio.o(i.GPIO_StructInit), (16 bytes).
    Removing stm32f10x_gpio.o(i.GPIO_ReadInputData), (6 bytes).
    Removing stm32f10x_gpio.o(i.GPIO_ReadOutputDataBit), (14 bytes).
    Removing stm32f10x_gpio.o(i.GPIO_ReadOutputData), (6 bytes).
    Removing stm32f10x_gpio.o(i.GPIO_WriteBit), (10 bytes).
    Removing stm32f10x_gpio.o(i.GPIO_Write), (4 bytes).
    Removing stm32f10x_gpio.o(i.GPIO_PinLockConfig), (16 bytes).
    Removing stm32f10x_gpio.o(i.GPIO_EventOutputConfig), (28 bytes).
    Removing stm32f10x_gpio.o(i.GPIO_EventOutputCmd), (12 bytes).
    Removing stm32f10x_gpio.o(i.GPIO_PinRemapConfig), (72 bytes).
    Removing stm32f10x_gpio.o(i.GPIO_EXTILineConfig), (40 bytes).
    Removing stm32f10x_nvic.o(i.NVIC_DeInit), (44 bytes).
    Removing stm32f10x_nvic.o(i.NVIC_SCBDeInit), (68 bytes).
    Removing stm32f10x_nvic.o(i.NVIC_StructInit), (12 bytes).
    Removing stm32f10x_nvic.o(i.NVIC_SETPRIMASK), (4 bytes).
    Removing stm32f10x_nvic.o(i.NVIC_RESETPRIMASK), (4 bytes).
    Removing stm32f10x_nvic.o(i.NVIC_SETFAULTMASK), (4 bytes).
    Removing stm32f10x_nvic.o(i.NVIC_RESETFAULTMASK), (4 bytes).
    Removing stm32f10x_nvic.o(i.NVIC_BASEPRICONFIG), (6 bytes).
    Removing stm32f10x_nvic.o(i.NVIC_GetBASEPRI), (4 bytes).
    Removing stm32f10x_nvic.o(i.NVIC_GetCurrentPendingIRQChannel), (16 bytes).
    Removing stm32f10x_nvic.o(i.NVIC_GetIRQChannelPendingBitStatus), (34 bytes).
    Removing stm32f10x_nvic.o(i.NVIC_SetIRQChannelPendingBit), (12 bytes).
    Removing stm32f10x_nvic.o(i.NVIC_ClearIRQChannelPendingBit), (24 bytes).
    Removing stm32f10x_nvic.o(i.NVIC_GetCurrentActiveHandler), (16 bytes).
    Removing stm32f10x_nvic.o(i.NVIC_GetIRQChannelActiveBitStatus), (34 bytes).
    Removing stm32f10x_nvic.o(i.NVIC_GetCPUID), (12 bytes).
    Removing stm32f10x_nvic.o(i.NVIC_GenerateSystemReset), (16 bytes).
    Removing stm32f10x_nvic.o(i.NVIC_GenerateCoreReset), (16 bytes).
    Removing stm32f10x_nvic.o(i.NVIC_SystemLPConfig), (24 bytes).
    Removing stm32f10x_nvic.o(i.NVIC_SystemHandlerConfig), (32 bytes).
    Removing stm32f10x_nvic.o(i.NVIC_SystemHandlerPriorityConfig), (76 bytes).
    Removing stm32f10x_nvic.o(i.NVIC_GetSystemHandlerPendingBitStatus), (32 bytes).
    Removing stm32f10x_nvic.o(i.NVIC_SetSystemHandlerPendingBit), (24 bytes).
    Removing stm32f10x_nvic.o(i.NVIC_ClearSystemHandlerPendingBit), (24 bytes).
    Removing stm32f10x_nvic.o(i.NVIC_GetSystemHandlerActiveBitStatus), (32 bytes).
    Removing stm32f10x_nvic.o(i.NVIC_GetFaultHandlerSources), (54 bytes).
    Removing stm32f10x_nvic.o(i.NVIC_GetFaultAddress), (22 bytes).
    Removing stm32f10x_rcc.o(i.RCC_AdjustHSICalibrationValue), (20 bytes).
    Removing stm32f10x_rcc.o(i.RCC_HSICmd), (12 bytes).
    Removing stm32f10x_rcc.o(i.RCC_ITConfig), (24 bytes).
    Removing stm32f10x_rcc.o(i.RCC_LSEConfig), (32 bytes).
    Removing stm32f10x_rcc.o(i.RCC_LSICmd), (12 bytes).
    Removing stm32f10x_rcc.o(i.RCC_RTCCLKConfig), (16 bytes).
    Removing stm32f10x_rcc.o(i.RCC_RTCCLKCmd), (12 bytes).
    Removing stm32f10x_rcc.o(i.RCC_GetClocksFreq), (148 bytes).
    Removing stm32f10x_rcc.o(i.RCC_AHBPeriphClockCmd), (24 bytes).
    Removing stm32f10x_rcc.o(i.RCC_APB2PeriphResetCmd), (24 bytes).
    Removing stm32f10x_rcc.o(i.RCC_APB1PeriphResetCmd), (24 bytes).
    Removing stm32f10x_rcc.o(i.RCC_BackupResetCmd), (12 bytes).
    Removing stm32f10x_rcc.o(i.RCC_ClockSecuritySystemCmd), (12 bytes).
    Removing stm32f10x_rcc.o(i.RCC_MCOConfig), (12 bytes).
    Removing stm32f10x_rcc.o(i.RCC_ClearFlag), (16 bytes).
    Removing stm32f10x_rcc.o(i.RCC_GetITStatus), (20 bytes).
    Removing stm32f10x_rcc.o(i.RCC_ClearITPendingBit), (12 bytes).
    Removing stm32f10x_rcc.o(.constdata), (20 bytes).
    Removing cortexm3_macro.o(.text), (122 bytes).

128 unused section(s) (total 4292 bytes) removed from the image.

==============================================================================

Image Symbol Table

    Local Symbols

    Symbol Name                              Value     Ov Type        Size  Object(Section)

    ../../microlib/init/entry.s              0x00000000   Number         0  entry5.o ABSOLUTE
    ../../microlib/init/entry.s              0x00000000   Number         0  entry.o ABSOLUTE
    ../../microlib/init/entry.s              0x00000000   Number         0  entry2.o ABSOLUTE
    ../../microlib/init/entry.s              0x00000000   Number         0  entry7.o ABSOLUTE
    STM32F10x.s                              0x00000000   Number         0  stm32f10x.o ABSOLUTE
    cortexm3_macro.s                         0x00000000   Number         0  cortexm3_macro.o ABSOLUTE
    dc.s                                     0x00000000   Number         0  dc.o ABSOLUTE
    handlers.s                               0x00000000   Number         0  handlers.o ABSOLUTE
    hw_config.c                              0x00000000   Number         0  hw_config.o ABSOLUTE
    init.s                                   0x00000000   Number         0  init.o ABSOLUTE
    main.c                                   0x00000000   Number         0  main.o ABSOLUTE
    stm32f10x_flash.c                        0x00000000   Number         0  stm32f10x_flash.o ABSOLUTE
    stm32f10x_gpio.c                         0x00000000   Number         0  stm32f10x_gpio.o ABSOLUTE
    stm32f10x_it.c                           0x00000000   Number         0  stm32f10x_it.o ABSOLUTE
    stm32f10x_nvic.c                         0x00000000   Number         0  stm32f10x_nvic.o ABSOLUTE
    stm32f10x_rcc.c                          0x00000000   Number         0  stm32f10x_rcc.o ABSOLUTE
    usb_desc.c                               0x00000000   Number         0  usb_desc.o ABSOLUTE
    usb_istr.c                               0x00000000   Number         0  usb_istr.o ABSOLUTE
    usb_library\src\usb_core.c               0x00000000   Number         0  usb_core.o ABSOLUTE
    usb_library\src\usb_init.c               0x00000000   Number         0  usb_init.o ABSOLUTE
    usb_library\src\usb_int.c                0x00000000   Number         0  usb_int.o ABSOLUTE
    usb_library\src\usb_mem.c                0x00000000   Number         0  usb_mem.o ABSOLUTE
    usb_library\src\usb_regs.c               0x00000000   Number         0  usb_regs.o ABSOLUTE
    usb_prop.c                               0x00000000   Number         0  usb_prop.o ABSOLUTE
    usb_pwr.c                                0x00000000   Number         0  usb_pwr.o ABSOLUTE
    RESET                                    0x08000000   Section      236  stm32f10x.o(RESET)
    .ARM.Collect$$$$00000000                 0x080000ec   Section        0  entry.o(.ARM.Collect$$$$00000000)
    .ARM.Collect$$$$00000001                 0x080000ec   Section        4  entry2.o(.ARM.Collect$$$$00000001)
    .ARM.Collect$$$$00000004                 0x080000f0   Section        4  entry5.o(.ARM.Collect$$$$00000004)
    .ARM.Collect$$$$00000007                 0x080000f4   Section        8  entry7.o(.ARM.Collect$$$$00000007)
    .ARM.Collect$$$$00002712                 0x080000fc   Section        4  entry2.o(.ARM.Collect$$$$00002712)
    __lit__00000000                          0x080000fc   Data           4  entry2.o(.ARM.Collect$$$$00002712)
    .text                                    0x08000100   Section        8  stm32f10x.o(.text)
    .text                                    0x08000108   Section       36  init.o(.text)
    i.ADC_IRQHandler                         0x0800012c   Section        0  stm32f10x_it.o(i.ADC_IRQHandler)
    i.BusFaultException                      0x0800012e   Section        0  stm32f10x_it.o(i.BusFaultException)
    i.ByteSwap                               0x08000130   Section        0  usb_regs.o(i.ByteSwap)
    i.CAN_RX1_IRQHandler                     0x0800013a   Section        0  stm32f10x_it.o(i.CAN_RX1_IRQHandler)
    i.CAN_SCE_IRQHandler                     0x0800013c   Section        0  stm32f10x_it.o(i.CAN_SCE_IRQHandler)
    i.CTR_LP                                 0x08000140   Section        0  usb_int.o(i.CTR_LP)
    i.ClearDTOG_RX                           0x080002b8   Section        0  usb_regs.o(i.ClearDTOG_RX)
    i.ClearDTOG_TX                           0x080002dc   Section        0  usb_regs.o(i.ClearDTOG_TX)
    i.Clear_Status_Out                       0x08000300   Section        0  usb_regs.o(i.Clear_Status_Out)
    i.DMAChannel1_IRQHandler                 0x08000318   Section        0  stm32f10x_it.o(i.DMAChannel1_IRQHandler)
    i.DMAChannel2_IRQHandler                 0x0800031a   Section        0  stm32f10x_it.o(i.DMAChannel2_IRQHandler)
    i.DMAChannel3_IRQHandler                 0x0800031c   Section        0  stm32f10x_it.o(i.DMAChannel3_IRQHandler)
    i.DMAChannel4_IRQHandler                 0x0800031e   Section        0  stm32f10x_it.o(i.DMAChannel4_IRQHandler)
    i.DMAChannel5_IRQHandler                 0x08000320   Section        0  stm32f10x_it.o(i.DMAChannel5_IRQHandler)
    i.DMAChannel6_IRQHandler                 0x08000322   Section        0  stm32f10x_it.o(i.DMAChannel6_IRQHandler)
    i.DMAChannel7_IRQHandler                 0x08000324   Section        0  stm32f10x_it.o(i.DMAChannel7_IRQHandler)
    i.DataStageIn                            0x08000328   Section        0  usb_core.o(i.DataStageIn)
    DataStageIn                              0x08000329   Thumb Code   124  usb_core.o(i.DataStageIn)
    i.DataStageOut                           0x080003b0   Section        0  usb_core.o(i.DataStageOut)
    DataStageOut                             0x080003b1   Thumb Code   146  usb_core.o(i.DataStageOut)
    i.Data_Setup0                            0x08000458   Section        0  usb_core.o(i.Data_Setup0)
    Data_Setup0                              0x08000459   Thumb Code   334  usb_core.o(i.Data_Setup0)
    i.DebugMonitor                           0x080005c8   Section        0  stm32f10x_it.o(i.DebugMonitor)
    i.EXTI0_IRQHandler                       0x080005ca   Section        0  stm32f10x_it.o(i.EXTI0_IRQHandler)
    i.EXTI15_10_IRQHandler                   0x080005cc   Section        0  stm32f10x_it.o(i.EXTI15_10_IRQHandler)
    i.EXTI1_IRQHandler                       0x080005ce   Section        0  stm32f10x_it.o(i.EXTI1_IRQHandler)
    i.EXTI2_IRQHandler                       0x080005d0   Section        0  stm32f10x_it.o(i.EXTI2_IRQHandler)
    i.EXTI3_IRQHandler                       0x080005d2   Section        0  stm32f10x_it.o(i.EXTI3_IRQHandler)
    i.EXTI4_IRQHandler                       0x080005d4   Section        0  stm32f10x_it.o(i.EXTI4_IRQHandler)
    i.EXTI9_5_IRQHandler                     0x080005d6   Section        0  stm32f10x_it.o(i.EXTI9_5_IRQHandler)
    i.Enter_LowPowerMode                     0x080005d8   Section        0  hw_config.o(i.Enter_LowPowerMode)
    i.FLASH_IRQHandler                       0x080005da   Section        0  stm32f10x_it.o(i.FLASH_IRQHandler)
    i.FLASH_PrefetchBufferCmd                0x080005dc   Section        0  stm32f10x_flash.o(i.FLASH_PrefetchBufferCmd)
    i.FLASH_SetLatency                       0x080005f4   Section        0  stm32f10x_flash.o(i.FLASH_SetLatency)
    i.GPIO_Init                              0x0800060c   Section        0  stm32f10x_gpio.o(i.GPIO_Init)
    i.GPIO_ReadInputDataBit                  0x080006ac   Section        0  stm32f10x_gpio.o(i.GPIO_ReadInputDataBit)
    i.GPIO_ResetBits                         0x080006ba   Section        0  stm32f10x_gpio.o(i.GPIO_ResetBits)
    i.GPIO_SetBits                           0x080006be   Section        0  stm32f10x_gpio.o(i.GPIO_SetBits)
    i.GetEPRxAddr                            0x080006c4   Section        0  usb_regs.o(i.GetEPRxAddr)
    i.GetEPTxAddr                            0x080006e4   Section        0  usb_regs.o(i.GetEPTxAddr)
    i.HardFaultException                     0x08000700   Section        0  stm32f10x_it.o(i.HardFaultException)
    i.I2C1_ER_IRQHandler                     0x08000702   Section        0  stm32f10x_it.o(i.I2C1_ER_IRQHandler)
    i.I2C1_EV_IRQHandler                     0x08000704   Section        0  stm32f10x_it.o(i.I2C1_EV_IRQHandler)
    i.I2C2_ER_IRQHandler                     0x08000706   Section        0  stm32f10x_it.o(i.I2C2_ER_IRQHandler)
    i.I2C2_EV_IRQHandler                     0x08000708   Section        0  stm32f10x_it.o(i.I2C2_EV_IRQHandler)
    i.In0_Process                            0x0800070c   Section        0  usb_core.o(i.In0_Process)
    i.JoyState                               0x08000768   Section        0  hw_config.o(i.JoyState)
    i.Joystick_Data_Setup                    0x080007d0   Section        0  usb_prop.o(i.Joystick_Data_Setup)
    i.Joystick_GetConfigDescriptor           0x0800082c   Section        0  usb_prop.o(i.Joystick_GetConfigDescriptor)
    i.Joystick_GetDeviceDescriptor           0x08000838   Section        0  usb_prop.o(i.Joystick_GetDeviceDescriptor)
    i.Joystick_GetHIDDescriptor              0x08000844   Section        0  usb_prop.o(i.Joystick_GetHIDDescriptor)
    i.Joystick_GetProtocolValue              0x08000850   Section        0  usb_prop.o(i.Joystick_GetProtocolValue)
    i.Joystick_GetReportDescriptor           0x0800086c   Section        0  usb_prop.o(i.Joystick_GetReportDescriptor)
    i.Joystick_GetStringDescriptor           0x08000878   Section        0  usb_prop.o(i.Joystick_GetStringDescriptor)
    i.Joystick_Get_Interface_Setting         0x08000890   Section        0  usb_prop.o(i.Joystick_Get_Interface_Setting)
    i.Joystick_NoData_Setup                  0x0800089c   Section        0  usb_prop.o(i.Joystick_NoData_Setup)
    i.Joystick_Reset                         0x080008bc   Section        0  usb_prop.o(i.Joystick_Reset)
    i.Joystick_Send                          0x08000944   Section        0  hw_config.o(i.Joystick_Send)
    i.Joystick_SetProtocol                   0x080009b8   Section        0  usb_prop.o(i.Joystick_SetProtocol)
    i.Joystick_Status_In                     0x080009d0   Section        0  usb_prop.o(i.Joystick_Status_In)
    i.Joystick_Status_Out                    0x080009d2   Section        0  usb_prop.o(i.Joystick_Status_Out)
    i.Joystick_init                          0x080009d4   Section        0  usb_prop.o(i.Joystick_init)
    i.Leave_LowPowerMode                     0x08000a28   Section        0  hw_config.o(i.Leave_LowPowerMode)
    i.MemManageException                     0x08000a2a   Section        0  stm32f10x_it.o(i.MemManageException)
    i.NMIException                           0x08000a2c   Section        0  stm32f10x_it.o(i.NMIException)
    i.NOP_Process                            0x08000a2e   Section        0  usb_core.o(i.NOP_Process)
    i.NVIC_Init                              0x08000a30   Section        0  stm32f10x_nvic.o(i.NVIC_Init)
    i.NVIC_PriorityGroupConfig               0x08000aa4   Section        0  stm32f10x_nvic.o(i.NVIC_PriorityGroupConfig)
    i.NVIC_SetVectorTable                    0x08000ab8   Section        0  stm32f10x_nvic.o(i.NVIC_SetVectorTable)
    i.NoData_Setup0                          0x08000acc   Section        0  usb_core.o(i.NoData_Setup0)
    NoData_Setup0                            0x08000acd   Thumb Code   196  usb_core.o(i.NoData_Setup0)
    i.Out0_Process                           0x08000ba4   Section        0  usb_core.o(i.Out0_Process)
    i.PMAToUserBufferCopy                    0x08000be4   Section        0  usb_mem.o(i.PMAToUserBufferCopy)
    i.PVD_IRQHandler                         0x08000c00   Section        0  stm32f10x_it.o(i.PVD_IRQHandler)
    i.PendSVC                                0x08000c02   Section        0  stm32f10x_it.o(i.PendSVC)
    i.Post0_Process                          0x08000c04   Section        0  usb_core.o(i.Post0_Process)
    i.PowerOn                                0x08000c44   Section        0  usb_pwr.o(i.PowerOn)
    i.RCC_ADCCLKConfig                       0x08000c70   Section        0  stm32f10x_rcc.o(i.RCC_ADCCLKConfig)
    i.RCC_APB1PeriphClockCmd                 0x08000c84   Section        0  stm32f10x_rcc.o(i.RCC_APB1PeriphClockCmd)
    i.RCC_APB2PeriphClockCmd                 0x08000c9c   Section        0  stm32f10x_rcc.o(i.RCC_APB2PeriphClockCmd)
    i.RCC_DeInit                             0x08000cb4   Section        0  stm32f10x_rcc.o(i.RCC_DeInit)
    i.RCC_GetFlagStatus                      0x08000cf0   Section        0  stm32f10x_rcc.o(i.RCC_GetFlagStatus)
    i.RCC_GetSYSCLKSource                    0x08000d20   Section        0  stm32f10x_rcc.o(i.RCC_GetSYSCLKSource)
    i.RCC_HCLKConfig                         0x08000d30   Section        0  stm32f10x_rcc.o(i.RCC_HCLKConfig)
    i.RCC_HSEConfig                          0x08000d44   Section        0  stm32f10x_rcc.o(i.RCC_HSEConfig)
    i.RCC_IRQHandler                         0x08000d78   Section        0  stm32f10x_it.o(i.RCC_IRQHandler)
    i.RCC_PCLK1Config                        0x08000d7c   Section        0  stm32f10x_rcc.o(i.RCC_PCLK1Config)
    i.RCC_PCLK2Config                        0x08000d90   Section        0  stm32f10x_rcc.o(i.RCC_PCLK2Config)
    i.RCC_PLLCmd                             0x08000da4   Section        0  stm32f10x_rcc.o(i.RCC_PLLCmd)
    i.RCC_PLLConfig                          0x08000db0   Section        0  stm32f10x_rcc.o(i.RCC_PLLConfig)
    i.RCC_SYSCLKConfig                       0x08000dc4   Section        0  stm32f10x_rcc.o(i.RCC_SYSCLKConfig)
    i.RCC_USBCLKConfig                       0x08000dd8   Section        0  stm32f10x_rcc.o(i.RCC_USBCLKConfig)
    i.RCC_WaitForHSEStartUp                  0x08000de4   Section        0  stm32f10x_rcc.o(i.RCC_WaitForHSEStartUp)
    i.RTCAlarm_IRQHandler                    0x08000e18   Section        0  stm32f10x_it.o(i.RTCAlarm_IRQHandler)
    i.RTC_IRQHandler                         0x08000e1a   Section        0  stm32f10x_it.o(i.RTC_IRQHandler)
    i.Resume                                 0x08000e1c   Section        0  usb_pwr.o(i.Resume)
    i.Resume_Init                            0x08000e98   Section        0  usb_pwr.o(i.Resume_Init)
    i.SPI1_IRQHandler                        0x08000eb8   Section        0  stm32f10x_it.o(i.SPI1_IRQHandler)
    i.SPI2_IRQHandler                        0x08000eba   Section        0  stm32f10x_it.o(i.SPI2_IRQHandler)
    i.SVCHandler                             0x08000ebc   Section        0  stm32f10x_it.o(i.SVCHandler)
    i.SetBTABLE                              0x08000ec0   Section        0  usb_regs.o(i.SetBTABLE)
    i.SetDeviceAddress                       0x08000ed0   Section        0  usb_core.o(i.SetDeviceAddress)
    i.SetEPRxAddr                            0x08000f0c   Section        0  usb_regs.o(i.SetEPRxAddr)
    i.SetEPRxCount                           0x08000f2c   Section        0  usb_regs.o(i.SetEPRxCount)
    i.SetEPRxStatus                          0x08000f6c   Section        0  usb_regs.o(i.SetEPRxStatus)
    i.SetEPRxValid                           0x08000f98   Section        0  usb_regs.o(i.SetEPRxValid)
    i.SetEPTxAddr                            0x08000fb4   Section        0  usb_regs.o(i.SetEPTxAddr)
    i.SetEPTxCount                           0x08000fd4   Section        0  usb_regs.o(i.SetEPTxCount)
    i.SetEPTxStatus                          0x08000ff0   Section        0  usb_regs.o(i.SetEPTxStatus)
    i.SetEPTxValid                           0x0800101c   Section        0  usb_regs.o(i.SetEPTxValid)
    i.SetEPType                              0x08001038   Section        0  usb_regs.o(i.SetEPType)
    i.Set_System                             0x08001054   Section        0  hw_config.o(i.Set_System)
    i.Set_USBClock                           0x08001140   Section        0  hw_config.o(i.Set_USBClock)
    i.Setup0_Process                         0x08001154   Section        0  usb_core.o(i.Setup0_Process)
    i.Standard_ClearFeature                  0x080011bc   Section        0  usb_core.o(i.Standard_ClearFeature)
    i.Standard_GetConfiguration              0x0800129c   Section        0  usb_core.o(i.Standard_GetConfiguration)
    i.Standard_GetDescriptorData             0x080012c4   Section        0  usb_core.o(i.Standard_GetDescriptorData)
    i.Standard_GetInterface                  0x080012e0   Section        0  usb_core.o(i.Standard_GetInterface)
    i.Standard_GetStatus                     0x08001308   Section        0  usb_core.o(i.Standard_GetStatus)
    i.Standard_SetConfiguration              0x08001394   Section        0  usb_core.o(i.Standard_SetConfiguration)
    i.Standard_SetDeviceFeature              0x080013cc   Section        0  usb_core.o(i.Standard_SetDeviceFeature)
    i.Standard_SetEndPointFeature            0x080013f0   Section        0  usb_core.o(i.Standard_SetEndPointFeature)
    i.Standard_SetInterface                  0x08001470   Section        0  usb_core.o(i.Standard_SetInterface)
    i.Suspend                                0x080014b8   Section        0  usb_pwr.o(i.Suspend)
    i.SysTickHandler                         0x080014d8   Section        0  stm32f10x_it.o(i.SysTickHandler)
    i.TAMPER_IRQHandler                      0x080014da   Section        0  stm32f10x_it.o(i.TAMPER_IRQHandler)
    i.TIM1_BRK_IRQHandler                    0x080014dc   Section        0  stm32f10x_it.o(i.TIM1_BRK_IRQHandler)
    i.TIM1_CC_IRQHandler                     0x080014de   Section        0  stm32f10x_it.o(i.TIM1_CC_IRQHandler)
    i.TIM1_TRG_COM_IRQHandler                0x080014e0   Section        0  stm32f10x_it.o(i.TIM1_TRG_COM_IRQHandler)
    i.TIM1_UP_IRQHandler                     0x080014e2   Section        0  stm32f10x_it.o(i.TIM1_UP_IRQHandler)
    i.TIM2_IRQHandler                        0x080014e4   Section        0  stm32f10x_it.o(i.TIM2_IRQHandler)
    i.TIM3_IRQHandler                        0x080014e6   Section        0  stm32f10x_it.o(i.TIM3_IRQHandler)
    i.TIM4_IRQHandler                        0x080014e8   Section        0  stm32f10x_it.o(i.TIM4_IRQHandler)
    i.USART1_IRQHandler                      0x080014ea   Section        0  stm32f10x_it.o(i.USART1_IRQHandler)
    i.USART2_IRQHandler                      0x080014ec   Section        0  stm32f10x_it.o(i.USART2_IRQHandler)
    i.USART3_IRQHandler                      0x080014ee   Section        0  stm32f10x_it.o(i.USART3_IRQHandler)
    i.USBWakeUp_IRQHandler                   0x080014f0   Section        0  stm32f10x_it.o(i.USBWakeUp_IRQHandler)
    i.USB_Cable_Config                       0x080014f4   Section        0  hw_config.o(i.USB_Cable_Config)
    i.USB_HP_CAN_TX_IRQHandler               0x0800150c   Section        0  stm32f10x_it.o(i.USB_HP_CAN_TX_IRQHandler)
    i.USB_Init                               0x08001510   Section        0  usb_init.o(i.USB_Init)
    i.USB_Interrupts_Config                  0x08001538   Section        0  hw_config.o(i.USB_Interrupts_Config)
    i.USB_Istr                               0x0800156c   Section        0  usb_istr.o(i.USB_Istr)
    i.USB_LP_CAN_RX0_IRQHandler              0x08001628   Section        0  stm32f10x_it.o(i.USB_LP_CAN_RX0_IRQHandler)
    i.UsageFaultException                    0x0800162c   Section        0  stm32f10x_it.o(i.UsageFaultException)
    i.UserToPMABufferCopy                    0x08001630   Section        0  usb_mem.o(i.UserToPMABufferCopy)
    i.WWDG_IRQHandler                        0x08001658   Section        0  stm32f10x_it.o(i.WWDG_IRQHandler)
    i.__scatterload_copy                     0x0800165a   Section       14  handlers.o(i.__scatterload_copy)
    i.__scatterload_null                     0x08001668   Section        2  handlers.o(i.__scatterload_null)
    i.__scatterload_zeroinit                 0x0800166a   Section       14  handlers.o(i.__scatterload_zeroinit)
    i.main                                   0x08001678   Section        0  main.o(i.main)
    .constdata                               0x0800169a   Section       18  usb_desc.o(.constdata)
    .constdata                               0x080016ac   Section       34  usb_desc.o(.constdata)
    .constdata                               0x080016ce   Section       74  usb_desc.o(.constdata)
    .constdata                               0x08001718   Section        4  usb_desc.o(.constdata)
    .constdata                               0x0800171c   Section       38  usb_desc.o(.constdata)
    .constdata                               0x08001742   Section       30  usb_desc.o(.constdata)
    .constdata                               0x08001760   Section       26  usb_desc.o(.constdata)
    .data                                    0x20000000   Section        4  usb_istr.o(.data)
    .data                                    0x20000004   Section       28  usb_istr.o(.data)
    .data                                    0x20000020   Section       28  usb_istr.o(.data)
    .data                                    0x2000003c   Section        2  usb_prop.o(.data)
    .data                                    0x20000040   Section      116  usb_prop.o(.data)
    .data                                    0x200000b4   Section       36  usb_prop.o(.data)
    .data                                    0x200000d8   Section        1  usb_pwr.o(.data)
    .data                                    0x200000d9   Section        1  usb_pwr.o(.data)
    .data                                    0x200000da   Section        2  usb_pwr.o(.data)
    .data                                    0x200000dc   Section        1  hw_config.o(.data)
    .data                                    0x200000de   Section        2  usb_core.o(.data)
    .data                                    0x200000e0   Section        1  usb_init.o(.data)
    .data                                    0x200000e4   Section       12  usb_init.o(.data)
    .data                                    0x200000f0   Section        2  usb_init.o(.data)
    .data                                    0x200000f2   Section        4  usb_int.o(.data)
    .data                                    0x200000f8   Section        8  stm32f10x_rcc.o(.data)
    HSEStatus                                0x200000f8   Data           1  stm32f10x_rcc.o(.data)
    StartUpCounter                           0x200000fc   Data           4  stm32f10x_rcc.o(.data)
    .bss                                     0x20000100   Section       28  usb_init.o(.bss)
    STACK                                    0x20000120   Section      512  stm32f10x.o(STACK)

    Global Symbols

    Symbol Name                              Value     Ov Type        Size  Object(Section)

    BuildAttributes$$THM_ISAv4$P$D$K$B$S$PE$A:L22UL41UL21$X:L11$S22US41US21$IEEE1$IW$USESV6$~STKCKD$USESV7$~SHL$OSPACE$EBA8$MICROLIB$REQ8$PRES8$EABIv2 0x00000000   Number         0  anon$$obj.o ABSOLUTE
    __ARM_use_no_argv                        0x00000000   Number         0  main.o ABSOLUTE
    __decompress                              - Undefined Weak Reference
    __Vectors                                0x08000000   Data           4  stm32f10x.o(RESET)
    __main                                   0x080000ed   Thumb Code     0  entry.o(.ARM.Collect$$$$00000000)
    _main_stk                                0x080000ed   Thumb Code     0  entry2.o(.ARM.Collect$$$$00000001)
    _main_scatterload                        0x080000f1   Thumb Code     0  entry5.o(.ARM.Collect$$$$00000004)
    __main_after_scatterload                 0x080000f5   Thumb Code     0  entry5.o(.ARM.Collect$$$$00000004)
    _main_init                               0x080000f5   Thumb Code     0  entry7.o(.ARM.Collect$$$$00000007)
    Reset_Handler                            0x08000101   Thumb Code     4  stm32f10x.o(.text)
    __scatterload                            0x08000109   Thumb Code    28  init.o(.text)
    __scatterload_rt2                        0x08000109   Thumb Code     0  init.o(.text)
    ADC_IRQHandler                           0x0800012d   Thumb Code     2  stm32f10x_it.o(i.ADC_IRQHandler)
    BusFaultException                        0x0800012f   Thumb Code     2  stm32f10x_it.o(i.BusFaultException)
    ByteSwap                                 0x08000131   Thumb Code    10  usb_regs.o(i.ByteSwap)
    CAN_RX1_IRQHandler                       0x0800013b   Thumb Code     2  stm32f10x_it.o(i.CAN_RX1_IRQHandler)
    CAN_SCE_IRQHandler                       0x0800013d   Thumb Code     2  stm32f10x_it.o(i.CAN_SCE_IRQHandler)
    CTR_LP                                   0x08000141   Thumb Code   350  usb_int.o(i.CTR_LP)
    ClearDTOG_RX                             0x080002b9   Thumb Code    30  usb_regs.o(i.ClearDTOG_RX)
    ClearDTOG_TX                             0x080002dd   Thumb Code    30  usb_regs.o(i.ClearDTOG_TX)
    Clear_Status_Out                         0x08000301   Thumb Code    20  usb_regs.o(i.Clear_Status_Out)
    DMAChannel1_IRQHandler                   0x08000319   Thumb Code     2  stm32f10x_it.o(i.DMAChannel1_IRQHandler)
    DMAChannel2_IRQHandler                   0x0800031b   Thumb Code     2  stm32f10x_it.o(i.DMAChannel2_IRQHandler)
    DMAChannel3_IRQHandler                   0x0800031d   Thumb Code     2  stm32f10x_it.o(i.DMAChannel3_IRQHandler)
    DMAChannel4_IRQHandler                   0x0800031f   Thumb Code     2  stm32f10x_it.o(i.DMAChannel4_IRQHandler)
    DMAChannel5_IRQHandler                   0x08000321   Thumb Code     2  stm32f10x_it.o(i.DMAChannel5_IRQHandler)
    DMAChannel6_IRQHandler                   0x08000323   Thumb Code     2  stm32f10x_it.o(i.DMAChannel6_IRQHandler)
    DMAChannel7_IRQHandler                   0x08000325   Thumb Code     2  stm32f10x_it.o(i.DMAChannel7_IRQHandler)
    DebugMonitor                             0x080005c9   Thumb Code     2  stm32f10x_it.o(i.DebugMonitor)
    EXTI0_IRQHandler                         0x080005cb   Thumb Code     2  stm32f10x_it.o(i.EXTI0_IRQHandler)
    EXTI15_10_IRQHandler                     0x080005cd   Thumb Code     2  stm32f10x_it.o(i.EXTI15_10_IRQHandler)
    EXTI1_IRQHandler                         0x080005cf   Thumb Code     2  stm32f10x_it.o(i.EXTI1_IRQHandler)
    EXTI2_IRQHandler                         0x080005d1   Thumb Code     2  stm32f10x_it.o(i.EXTI2_IRQHandler)
    EXTI3_IRQHandler                         0x080005d3   Thumb Code     2  stm32f10x_it.o(i.EXTI3_IRQHandler)
    EXTI4_IRQHandler                         0x080005d5   Thumb Code     2  stm32f10x_it.o(i.EXTI4_IRQHandler)
    EXTI9_5_IRQHandler                       0x080005d7   Thumb Code     2  stm32f10x_it.o(i.EXTI9_5_IRQHandler)
    Enter_LowPowerMode                       0x080005d9   Thumb Code     2  hw_config.o(i.Enter_LowPowerMode)
    FLASH_IRQHandler                         0x080005db   Thumb Code     2  stm32f10x_it.o(i.FLASH_IRQHandler)
    FLASH_PrefetchBufferCmd                  0x080005dd   Thumb Code    18  stm32f10x_flash.o(i.FLASH_PrefetchBufferCmd)
    FLASH_SetLatency                         0x080005f5   Thumb Code    18  stm32f10x_flash.o(i.FLASH_SetLatency)
    GPIO_Init                                0x0800060d   Thumb Code   160  stm32f10x_gpio.o(i.GPIO_Init)
    GPIO_ReadInputDataBit                    0x080006ad   Thumb Code    14  stm32f10x_gpio.o(i.GPIO_ReadInputDataBit)
    GPIO_ResetBits                           0x080006bb   Thumb Code     4  stm32f10x_gpio.o(i.GPIO_ResetBits)
    GPIO_SetBits                             0x080006bf   Thumb Code     4  stm32f10x_gpio.o(i.GPIO_SetBits)
    GetEPRxAddr                              0x080006c5   Thumb Code    22  usb_regs.o(i.GetEPRxAddr)
    GetEPTxAddr                              0x080006e5   Thumb Code    20  usb_regs.o(i.GetEPTxAddr)
    HardFaultException                       0x08000701   Thumb Code     2  stm32f10x_it.o(i.HardFaultException)
    I2C1_ER_IRQHandler                       0x08000703   Thumb Code     2  stm32f10x_it.o(i.I2C1_ER_IRQHandler)
    I2C1_EV_IRQHandler                       0x08000705   Thumb Code     2  stm32f10x_it.o(i.I2C1_EV_IRQHandler)
    I2C2_ER_IRQHandler                       0x08000707   Thumb Code     2  stm32f10x_it.o(i.I2C2_ER_IRQHandler)
    I2C2_EV_IRQHandler                       0x08000709   Thumb Code     2  stm32f10x_it.o(i.I2C2_EV_IRQHandler)
    In0_Process                              0x0800070d   Thumb Code    80  usb_core.o(i.In0_Process)
    JoyState                                 0x08000769   Thumb Code    96  hw_config.o(i.JoyState)
    Joystick_Data_Setup                      0x080007d1   Thumb Code    74  usb_prop.o(i.Joystick_Data_Setup)
    Joystick_GetConfigDescriptor             0x0800082d   Thumb Code     6  usb_prop.o(i.Joystick_GetConfigDescriptor)
    Joystick_GetDeviceDescriptor             0x08000839   Thumb Code     6  usb_prop.o(i.Joystick_GetDeviceDescriptor)
    Joystick_GetHIDDescriptor                0x08000845   Thumb Code     6  usb_prop.o(i.Joystick_GetHIDDescriptor)
    Joystick_GetProtocolValue                0x08000851   Thumb Code    18  usb_prop.o(i.Joystick_GetProtocolValue)
    Joystick_GetReportDescriptor             0x0800086d   Thumb Code     6  usb_prop.o(i.Joystick_GetReportDescriptor)
    Joystick_GetStringDescriptor             0x08000879   Thumb Code    16  usb_prop.o(i.Joystick_GetStringDescriptor)
    Joystick_Get_Interface_Setting           0x08000891   Thumb Code    10  usb_prop.o(i.Joystick_Get_Interface_Setting)
    Joystick_NoData_Setup                    0x0800089d   Thumb Code    26  usb_prop.o(i.Joystick_NoData_Setup)
    Joystick_Reset                           0x080008bd   Thumb Code   128  usb_prop.o(i.Joystick_Reset)
    Joystick_Send                            0x08000945   Thumb Code   114  hw_config.o(i.Joystick_Send)
    Joystick_SetProtocol                     0x080009b9   Thumb Code    14  usb_prop.o(i.Joystick_SetProtocol)
    Joystick_Status_In                       0x080009d1   Thumb Code     2  usb_prop.o(i.Joystick_Status_In)
    Joystick_Status_Out                      0x080009d3   Thumb Code     2  usb_prop.o(i.Joystick_Status_Out)
    Joystick_init                            0x080009d5   Thumb Code    64  usb_prop.o(i.Joystick_init)
    Leave_LowPowerMode                       0x08000a29   Thumb Code     2  hw_config.o(i.Leave_LowPowerMode)
    MemManageException                       0x08000a2b   Thumb Code     2  stm32f10x_it.o(i.MemManageException)
    NMIException                             0x08000a2d   Thumb Code     2  stm32f10x_it.o(i.NMIException)
    NOP_Process                              0x08000a2f   Thumb Code     2  usb_core.o(i.NOP_Process)
    NVIC_Init                                0x08000a31   Thumb Code   116  stm32f10x_nvic.o(i.NVIC_Init)
    NVIC_PriorityGroupConfig                 0x08000aa5   Thumb Code    10  stm32f10x_nvic.o(i.NVIC_PriorityGroupConfig)
    NVIC_SetVectorTable                      0x08000ab9   Thumb Code    12  stm32f10x_nvic.o(i.NVIC_SetVectorTable)
    Out0_Process                             0x08000ba5   Thumb Code    54  usb_core.o(i.Out0_Process)
    PMAToUserBufferCopy                      0x08000be5   Thumb Code    24  usb_mem.o(i.PMAToUserBufferCopy)
    PVD_IRQHandler                           0x08000c01   Thumb Code     2  stm32f10x_it.o(i.PVD_IRQHandler)
    PendSVC                                  0x08000c03   Thumb Code     2  stm32f10x_it.o(i.PendSVC)
    Post0_Process                            0x08000c05   Thumb Code    46  usb_core.o(i.Post0_Process)
    PowerOn                                  0x08000c45   Thumb Code    36  usb_pwr.o(i.PowerOn)
    RCC_ADCCLKConfig                         0x08000c71   Thumb Code    14  stm32f10x_rcc.o(i.RCC_ADCCLKConfig)
    RCC_APB1PeriphClockCmd                   0x08000c85   Thumb Code    18  stm32f10x_rcc.o(i.RCC_APB1PeriphClockCmd)
    RCC_APB2PeriphClockCmd                   0x08000c9d   Thumb Code    18  stm32f10x_rcc.o(i.RCC_APB2PeriphClockCmd)
    RCC_DeInit                               0x08000cb5   Thumb Code    48  stm32f10x_rcc.o(i.RCC_DeInit)
    RCC_GetFlagStatus                        0x08000cf1   Thumb Code    42  stm32f10x_rcc.o(i.RCC_GetFlagStatus)
    RCC_GetSYSCLKSource                      0x08000d21   Thumb Code    10  stm32f10x_rcc.o(i.RCC_GetSYSCLKSource)
    RCC_HCLKConfig                           0x08000d31   Thumb Code    14  stm32f10x_rcc.o(i.RCC_HCLKConfig)
    RCC_HSEConfig                            0x08000d45   Thumb Code    48  stm32f10x_rcc.o(i.RCC_HSEConfig)
    RCC_IRQHandler                           0x08000d79   Thumb Code     2  stm32f10x_it.o(i.RCC_IRQHandler)
    RCC_PCLK1Config                          0x08000d7d   Thumb Code    14  stm32f10x_rcc.o(i.RCC_PCLK1Config)
    RCC_PCLK2Config                          0x08000d91   Thumb Code    16  stm32f10x_rcc.o(i.RCC_PCLK2Config)
    RCC_PLLCmd                               0x08000da5   Thumb Code     6  stm32f10x_rcc.o(i.RCC_PLLCmd)
    RCC_PLLConfig                            0x08000db1   Thumb Code    16  stm32f10x_rcc.o(i.RCC_PLLConfig)
    RCC_SYSCLKConfig                         0x08000dc5   Thumb Code    14  stm32f10x_rcc.o(i.RCC_SYSCLKConfig)
    RCC_USBCLKConfig                         0x08000dd9   Thumb Code     6  stm32f10x_rcc.o(i.RCC_USBCLKConfig)
    RCC_WaitForHSEStartUp                    0x08000de5   Thumb Code    46  stm32f10x_rcc.o(i.RCC_WaitForHSEStartUp)
    RTCAlarm_IRQHandler                      0x08000e19   Thumb Code     2  stm32f10x_it.o(i.RTCAlarm_IRQHandler)
    RTC_IRQHandler                           0x08000e1b   Thumb Code     2  stm32f10x_it.o(i.RTC_IRQHandler)
    Resume                                   0x08000e1d   Thumb Code   116  usb_pwr.o(i.Resume)
    Resume_Init                              0x08000e99   Thumb Code    26  usb_pwr.o(i.Resume_Init)
    SPI1_IRQHandler                          0x08000eb9   Thumb Code     2  stm32f10x_it.o(i.SPI1_IRQHandler)
    SPI2_IRQHandler                          0x08000ebb   Thumb Code     2  stm32f10x_it.o(i.SPI2_IRQHandler)
    SVCHandler                               0x08000ebd   Thumb Code     2  stm32f10x_it.o(i.SVCHandler)
    SetBTABLE                                0x08000ec1   Thumb Code    10  usb_regs.o(i.SetBTABLE)
    SetDeviceAddress                         0x08000ed1   Thumb Code    50  usb_core.o(i.SetDeviceAddress)
    SetEPRxAddr                              0x08000f0d   Thumb Code    24  usb_regs.o(i.SetEPRxAddr)
    SetEPRxCount                             0x08000f2d   Thumb Code    56  usb_regs.o(i.SetEPRxCount)
    SetEPRxStatus                            0x08000f6d   Thumb Code    38  usb_regs.o(i.SetEPRxStatus)
    SetEPRxValid                             0x08000f99   Thumb Code    24  usb_regs.o(i.SetEPRxValid)
    SetEPTxAddr                              0x08000fb5   Thumb Code    22  usb_regs.o(i.SetEPTxAddr)
    SetEPTxCount                             0x08000fd5   Thumb Code    20  usb_regs.o(i.SetEPTxCount)
    SetEPTxStatus                            0x08000ff1   Thumb Code    38  usb_regs.o(i.SetEPTxStatus)
    SetEPTxValid                             0x0800101d   Thumb Code    24  usb_regs.o(i.SetEPTxValid)
    SetEPType                                0x08001039   Thumb Code    22  usb_regs.o(i.SetEPType)
    Set_System                               0x08001055   Thumb Code   218  hw_config.o(i.Set_System)
    Set_USBClock                             0x08001141   Thumb Code    20  hw_config.o(i.Set_USBClock)
    Setup0_Process                           0x08001155   Thumb Code    92  usb_core.o(i.Setup0_Process)
    Standard_ClearFeature                    0x080011bd   Thumb Code   204  usb_core.o(i.Standard_ClearFeature)
    Standard_GetConfiguration                0x0800129d   Thumb Code    30  usb_core.o(i.Standard_GetConfiguration)
    Standard_GetDescriptorData               0x080012c5   Thumb Code    24  usb_core.o(i.Standard_GetDescriptorData)
    Standard_GetInterface                    0x080012e1   Thumb Code    30  usb_core.o(i.Standard_GetInterface)
    Standard_GetStatus                       0x08001309   Thumb Code   122  usb_core.o(i.Standard_GetStatus)
    Standard_SetConfiguration                0x08001395   Thumb Code    42  usb_core.o(i.Standard_SetConfiguration)
    Standard_SetDeviceFeature                0x080013cd   Thumb Code    26  usb_core.o(i.Standard_SetDeviceFeature)
    Standard_SetEndPointFeature              0x080013f1   Thumb Code   110  usb_core.o(i.Standard_SetEndPointFeature)
    Standard_SetInterface                    0x08001471   Thumb Code    60  usb_core.o(i.Standard_SetInterface)
    Suspend                                  0x080014b9   Thumb Code    26  usb_pwr.o(i.Suspend)
    SysTickHandler                           0x080014d9   Thumb Code     2  stm32f10x_it.o(i.SysTickHandler)
    TAMPER_IRQHandler                        0x080014db   Thumb Code     2  stm32f10x_it.o(i.TAMPER_IRQHandler)
    TIM1_BRK_IRQHandler                      0x080014dd   Thumb Code     2  stm32f10x_it.o(i.TIM1_BRK_IRQHandler)
    TIM1_CC_IRQHandler                       0x080014df   Thumb Code     2  stm32f10x_it.o(i.TIM1_CC_IRQHandler)
    TIM1_TRG_COM_IRQHandler                  0x080014e1   Thumb Code     2  stm32f10x_it.o(i.TIM1_TRG_COM_IRQHandler)
    TIM1_UP_IRQHandler                       0x080014e3   Thumb Code     2  stm32f10x_it.o(i.TIM1_UP_IRQHandler)
    TIM2_IRQHandler                          0x080014e5   Thumb Code     2  stm32f10x_it.o(i.TIM2_IRQHandler)
    TIM3_IRQHandler                          0x080014e7   Thumb Code     2  stm32f10x_it.o(i.TIM3_IRQHandler)
    TIM4_IRQHandler                          0x080014e9   Thumb Code     2  stm32f10x_it.o(i.TIM4_IRQHandler)
    USART1_IRQHandler                        0x080014eb   Thumb Code     2  stm32f10x_it.o(i.USART1_IRQHandler)
    USART2_IRQHandler                        0x080014ed   Thumb Code     2  stm32f10x_it.o(i.USART2_IRQHandler)
    USART3_IRQHandler                        0x080014ef   Thumb Code     2  stm32f10x_it.o(i.USART3_IRQHandler)
    USBWakeUp_IRQHandler                     0x080014f1   Thumb Code     2  stm32f10x_it.o(i.USBWakeUp_IRQHandler)
    USB_Cable_Config                         0x080014f5   Thumb Code    20  hw_config.o(i.USB_Cable_Config)
    USB_HP_CAN_TX_IRQHandler                 0x0800150d   Thumb Code     2  stm32f10x_it.o(i.USB_HP_CAN_TX_IRQHandler)
    USB_Init                                 0x08001511   Thumb Code    22  usb_init.o(i.USB_Init)
    USB_Interrupts_Config                    0x08001539   Thumb Code    50  hw_config.o(i.USB_Interrupts_Config)
    USB_Istr                                 0x0800156d   Thumb Code   168  usb_istr.o(i.USB_Istr)
    USB_LP_CAN_RX0_IRQHandler                0x08001629   Thumb Code     4  stm32f10x_it.o(i.USB_LP_CAN_RX0_IRQHandler)
    UsageFaultException                      0x0800162d   Thumb Code     2  stm32f10x_it.o(i.UsageFaultException)
    UserToPMABufferCopy                      0x08001631   Thumb Code    34  usb_mem.o(i.UserToPMABufferCopy)
    WWDG_IRQHandler                          0x08001659   Thumb Code     2  stm32f10x_it.o(i.WWDG_IRQHandler)
    __scatterload_copy                       0x0800165b   Thumb Code    14  handlers.o(i.__scatterload_copy)
    __scatterload_null                       0x08001669   Thumb Code     2  handlers.o(i.__scatterload_null)
    __scatterload_zeroinit                   0x0800166b   Thumb Code    14  handlers.o(i.__scatterload_zeroinit)
    main                                     0x08001679   Thumb Code    34  main.o(i.main)
    Joystick_DeviceDescriptor                0x0800169a   Data          18  usb_desc.o(.constdata)
    Joystick_ConfigDescriptor                0x080016ac   Data          34  usb_desc.o(.constdata)
    Joystick_ReportDescriptor                0x080016ce   Data          74  usb_desc.o(.constdata)
    Joystick_StringLangID                    0x08001718   Data           4  usb_desc.o(.constdata)
    Joystick_StringVendor                    0x0800171c   Data          38  usb_desc.o(.constdata)
    Joystick_StringProduct                   0x08001742   Data          30  usb_desc.o(.constdata)
    Joystick_StringSerial                    0x08001760   Data          26  usb_desc.o(.constdata)
    Region$$Table$$Base                      0x0800177c   Number         0  anon$$obj.o(Region$$Table)
    Region$$Table$$Limit                     0x0800179c   Number         0  anon$$obj.o(Region$$Table)
    bIntPackSOF                              0x20000000   Data           1  usb_istr.o(.data)
    wIstr                                    0x20000002   Data           2  usb_istr.o(.data)
    pEpInt_IN                                0x20000004   Data          28  usb_istr.o(.data)
    pEpInt_OUT                               0x20000020   Data          28  usb_istr.o(.data)
    Device_Table                             0x2000003c   Data           2  usb_prop.o(.data)
    ProtocolValue                            0x20000040   Data           4  usb_prop.o(.data)
    Device_Descriptor                        0x20000044   Data           8  usb_prop.o(.data)
    Config_Descriptor                        0x2000004c   Data           8  usb_prop.o(.data)
    Joystick_Report_Descriptor               0x20000054   Data           8  usb_prop.o(.data)
    Mouse_Hid_Descriptor                     0x2000005c   Data           8  usb_prop.o(.data)
    Device_Property                          0x20000064   Data          48  usb_prop.o(.data)
    String_Descriptor                        0x20000094   Data          32  usb_prop.o(.data)
    User_Standard_Requests                   0x200000b4   Data          36  usb_prop.o(.data)
    bDeviceState                             0x200000d8   Data           1  usb_pwr.o(.data)
    fSuspendEnabled                          0x200000d9   Data           1  usb_pwr.o(.data)
    ResumeS                                  0x200000da   Data           2  usb_pwr.o(.data)
    HSEStartUpStatus                         0x200000dc   Data           1  hw_config.o(.data)
    StatusInfo                               0x200000de   Data           2  usb_core.o(.data)
    EPindex                                  0x200000e0   Data           1  usb_init.o(.data)
    pInformation                             0x200000e4   Data           4  usb_init.o(.data)
    pProperty                                0x200000e8   Data           4  usb_init.o(.data)
    pUser_Standard_Requests                  0x200000ec   Data           4  usb_init.o(.data)
    wInterrupt_Mask                          0x200000f0   Data           2  usb_init.o(.data)
    SaveRState                               0x200000f2   Data           2  usb_int.o(.data)
    SaveTState                               0x200000f4   Data           2  usb_int.o(.data)
    Device_Info                              0x20000100   Data          28  usb_init.o(.bss)
    __initial_sp                             0x20000320   Data           0  stm32f10x.o(STACK)



==============================================================================

Memory Map of the image

  Image Entry point : 0x080000ed

  Load Region LR_IROM1 (Base: 0x08000000, Size: 0x0000189c, Max: 0x00020000, ABSOLUTE)

    Execution Region ER_IROM1 (Base: 0x08000000, Size: 0x0000179c, Max: 0x00020000, ABSOLUTE)

    Base Addr    Size         Type   Attr      Idx    E Section Name        Object

    0x08000000   0x000000ec   Data   RO            3    RESET               stm32f10x.o
    0x080000ec   0x00000000   Code   RO         1961  * .ARM.Collect$$$$00000000  mc_w.l(entry.o)
    0x080000ec   0x00000004   Code   RO         1964    .ARM.Collect$$$$00000001  mc_w.l(entry2.o)
    0x080000f0   0x00000004   Code   RO         1967    .ARM.Collect$$$$00000004  mc_w.l(entry5.o)
    0x080000f4   0x00000008   Code   RO         1968    .ARM.Collect$$$$00000007  mc_w.l(entry7.o)
    0x080000fc   0x00000004   Code   RO         1965    .ARM.Collect$$$$00002712  mc_w.l(entry2.o)
    0x08000100   0x00000008   Code   RO            4    .text               stm32f10x.o
    0x08000108   0x00000024   Code   RO         1969    .text               mc_w.l(init.o)
    0x0800012c   0x00000002   Code   RO          417    i.ADC_IRQHandler    stm32f10x_it.o
    0x0800012e   0x00000002   Code   RO          418    i.BusFaultException  stm32f10x_it.o
    0x08000130   0x0000000a   Code   RO          931    i.ByteSwap          usb_regs.o
    0x0800013a   0x00000002   Code   RO          419    i.CAN_RX1_IRQHandler  stm32f10x_it.o
    0x0800013c   0x00000002   Code   RO          420    i.CAN_SCE_IRQHandler  stm32f10x_it.o
    0x0800013e   0x00000002   PAD
    0x08000140   0x00000178   Code   RO          884    i.CTR_LP            usb_int.o
    0x080002b8   0x00000024   Code   RO          932    i.ClearDTOG_RX      usb_regs.o
    0x080002dc   0x00000024   Code   RO          933    i.ClearDTOG_TX      usb_regs.o
    0x08000300   0x00000018   Code   RO          938    i.Clear_Status_Out  usb_regs.o
    0x08000318   0x00000002   Code   RO          421    i.DMAChannel1_IRQHandler  stm32f10x_it.o
    0x0800031a   0x00000002   Code   RO          422    i.DMAChannel2_IRQHandler  stm32f10x_it.o
    0x0800031c   0x00000002   Code   RO          423    i.DMAChannel3_IRQHandler  stm32f10x_it.o
    0x0800031e   0x00000002   Code   RO          424    i.DMAChannel4_IRQHandler  stm32f10x_it.o
    0x08000320   0x00000002   Code   RO          425    i.DMAChannel5_IRQHandler  stm32f10x_it.o
    0x08000322   0x00000002   Code   RO          426    i.DMAChannel6_IRQHandler  stm32f10x_it.o
    0x08000324   0x00000002   Code   RO          427    i.DMAChannel7_IRQHandler  stm32f10x_it.o
    0x08000326   0x00000002   PAD
    0x08000328   0x00000088   Code   RO          738    i.DataStageIn       usb_core.o
    0x080003b0   0x000000a8   Code   RO          739    i.DataStageOut      usb_core.o
    0x08000458   0x00000170   Code   RO          740    i.Data_Setup0       usb_core.o
    0x080005c8   0x00000002   Code   RO          428    i.DebugMonitor      stm32f10x_it.o
    0x080005ca   0x00000002   Code   RO          429    i.EXTI0_IRQHandler  stm32f10x_it.o
    0x080005cc   0x00000002   Code   RO          430    i.EXTI15_10_IRQHandler  stm32f10x_it.o
    0x080005ce   0x00000002   Code   RO          431    i.EXTI1_IRQHandler  stm32f10x_it.o
    0x080005d0   0x00000002   Code   RO          432    i.EXTI2_IRQHandler  stm32f10x_it.o
    0x080005d2   0x00000002   Code   RO          433    i.EXTI3_IRQHandler  stm32f10x_it.o
    0x080005d4   0x00000002   Code   RO          434    i.EXTI4_IRQHandler  stm32f10x_it.o
    0x080005d6   0x00000002   Code   RO          435    i.EXTI9_5_IRQHandler  stm32f10x_it.o
    0x080005d8   0x00000002   Code   RO          360    i.Enter_LowPowerMode  hw_config.o
    0x080005da   0x00000002   Code   RO          436    i.FLASH_IRQHandler  stm32f10x_it.o
    0x080005dc   0x00000018   Code   RO         1293    i.FLASH_PrefetchBufferCmd  STM32F10xR.LIB(stm32f10x_flash.o)
    0x080005f4   0x00000018   Code   RO         1291    i.FLASH_SetLatency  STM32F10xR.LIB(stm32f10x_flash.o)
    0x0800060c   0x000000a0   Code   RO         1455    i.GPIO_Init         STM32F10xR.LIB(stm32f10x_gpio.o)
    0x080006ac   0x0000000e   Code   RO         1457    i.GPIO_ReadInputDataBit  STM32F10xR.LIB(stm32f10x_gpio.o)
    0x080006ba   0x00000004   Code   RO         1462    i.GPIO_ResetBits    STM32F10xR.LIB(stm32f10x_gpio.o)
    0x080006be   0x00000004   Code   RO         1461    i.GPIO_SetBits      STM32F10xR.LIB(stm32f10x_gpio.o)
    0x080006c2   0x00000002   PAD
    0x080006c4   0x00000020   Code   RO          950    i.GetEPRxAddr       usb_regs.o
    0x080006e4   0x0000001c   Code   RO          953    i.GetEPTxAddr       usb_regs.o
    0x08000700   0x00000002   Code   RO          437    i.HardFaultException  stm32f10x_it.o
    0x08000702   0x00000002   Code   RO          438    i.I2C1_ER_IRQHandler  stm32f10x_it.o
    0x08000704   0x00000002   Code   RO          439    i.I2C1_EV_IRQHandler  stm32f10x_it.o
    0x08000706   0x00000002   Code   RO          440    i.I2C2_ER_IRQHandler  stm32f10x_it.o
    0x08000708   0x00000002   Code   RO          441    i.I2C2_EV_IRQHandler  stm32f10x_it.o
    0x0800070a   0x00000002   PAD
    0x0800070c   0x0000005c   Code   RO          741    i.In0_Process       usb_core.o
    0x08000768   0x00000068   Code   RO          361    i.JoyState          hw_config.o
    0x080007d0   0x0000005c   Code   RO          209    i.Joystick_Data_Setup  usb_prop.o
    0x0800082c   0x0000000c   Code   RO          210    i.Joystick_GetConfigDescriptor  usb_prop.o
    0x08000838   0x0000000c   Code   RO          211    i.Joystick_GetDeviceDescriptor  usb_prop.o
    0x08000844   0x0000000c   Code   RO          212    i.Joystick_GetHIDDescriptor  usb_prop.o
    0x08000850   0x0000001c   Code   RO          213    i.Joystick_GetProtocolValue  usb_prop.o
    0x0800086c   0x0000000c   Code   RO          214    i.Joystick_GetReportDescriptor  usb_prop.o
    0x08000878   0x00000018   Code   RO          215    i.Joystick_GetStringDescriptor  usb_prop.o
    0x08000890   0x0000000a   Code   RO          216    i.Joystick_Get_Interface_Setting  usb_prop.o
    0x0800089a   0x00000002   PAD
    0x0800089c   0x00000020   Code   RO          217    i.Joystick_NoData_Setup  usb_prop.o
    0x080008bc   0x00000088   Code   RO          218    i.Joystick_Reset    usb_prop.o
    0x08000944   0x00000072   Code   RO          362    i.Joystick_Send     hw_config.o
    0x080009b6   0x00000002   PAD
    0x080009b8   0x00000018   Code   RO          219    i.Joystick_SetProtocol  usb_prop.o
    0x080009d0   0x00000002   Code   RO          220    i.Joystick_Status_In  usb_prop.o
    0x080009d2   0x00000002   Code   RO          221    i.Joystick_Status_Out  usb_prop.o
    0x080009d4   0x00000054   Code   RO          222    i.Joystick_init     usb_prop.o
    0x08000a28   0x00000002   Code   RO          363    i.Leave_LowPowerMode  hw_config.o
    0x08000a2a   0x00000002   Code   RO          442    i.MemManageException  stm32f10x_it.o
    0x08000a2c   0x00000002   Code   RO          443    i.NMIException      stm32f10x_it.o
    0x08000a2e   0x00000002   Code   RO          742    i.NOP_Process       usb_core.o
    0x08000a30   0x00000074   Code   RO         1570    i.NVIC_Init         STM32F10xR.LIB(stm32f10x_nvic.o)
    0x08000aa4   0x00000014   Code   RO         1569    i.NVIC_PriorityGroupConfig  STM32F10xR.LIB(stm32f10x_nvic.o)
    0x08000ab8   0x00000014   Code   RO         1585    i.NVIC_SetVectorTable  STM32F10xR.LIB(stm32f10x_nvic.o)
    0x08000acc   0x000000d8   Code   RO          743    i.NoData_Setup0     usb_core.o
    0x08000ba4   0x00000040   Code   RO          744    i.Out0_Process      usb_core.o
    0x08000be4   0x0000001c   Code   RO          913    i.PMAToUserBufferCopy  usb_mem.o
    0x08000c00   0x00000002   Code   RO          444    i.PVD_IRQHandler    stm32f10x_it.o
    0x08000c02   0x00000002   Code   RO          445    i.PendSVC           stm32f10x_it.o
    0x08000c04   0x00000040   Code   RO          745    i.Post0_Process     usb_core.o
    0x08000c44   0x0000002c   Code   RO          317    i.PowerOn           usb_pwr.o
    0x08000c70   0x00000014   Code   RO         1771    i.RCC_ADCCLKConfig  STM32F10xR.LIB(stm32f10x_rcc.o)
    0x08000c84   0x00000018   Code   RO         1779    i.RCC_APB1PeriphClockCmd  STM32F10xR.LIB(stm32f10x_rcc.o)
    0x08000c9c   0x00000018   Code   RO         1778    i.RCC_APB2PeriphClockCmd  STM32F10xR.LIB(stm32f10x_rcc.o)
    0x08000cb4   0x0000003c   Code   RO         1756    i.RCC_DeInit        STM32F10xR.LIB(stm32f10x_rcc.o)
    0x08000cf0   0x00000030   Code   RO         1758    i.RCC_GetFlagStatus  STM32F10xR.LIB(stm32f10x_rcc.o)
    0x08000d20   0x00000010   Code   RO         1765    i.RCC_GetSYSCLKSource  STM32F10xR.LIB(stm32f10x_rcc.o)
    0x08000d30   0x00000014   Code   RO         1766    i.RCC_HCLKConfig    STM32F10xR.LIB(stm32f10x_rcc.o)
    0x08000d44   0x00000034   Code   RO         1757    i.RCC_HSEConfig     STM32F10xR.LIB(stm32f10x_rcc.o)
    0x08000d78   0x00000002   Code   RO          446    i.RCC_IRQHandler    stm32f10x_it.o
    0x08000d7a   0x00000002   PAD
    0x08000d7c   0x00000014   Code   RO         1767    i.RCC_PCLK1Config   STM32F10xR.LIB(stm32f10x_rcc.o)
    0x08000d90   0x00000014   Code   RO         1768    i.RCC_PCLK2Config   STM32F10xR.LIB(stm32f10x_rcc.o)
    0x08000da4   0x0000000c   Code   RO         1763    i.RCC_PLLCmd        STM32F10xR.LIB(stm32f10x_rcc.o)
    0x08000db0   0x00000014   Code   RO         1762    i.RCC_PLLConfig     STM32F10xR.LIB(stm32f10x_rcc.o)
    0x08000dc4   0x00000014   Code   RO         1764    i.RCC_SYSCLKConfig  STM32F10xR.LIB(stm32f10x_rcc.o)
    0x08000dd8   0x0000000c   Code   RO         1770    i.RCC_USBCLKConfig  STM32F10xR.LIB(stm32f10x_rcc.o)
    0x08000de4   0x00000034   Code   RO         1759    i.RCC_WaitForHSEStartUp  STM32F10xR.LIB(stm32f10x_rcc.o)
    0x08000e18   0x00000002   Code   RO          447    i.RTCAlarm_IRQHandler  stm32f10x_it.o
    0x08000e1a   0x00000002   Code   RO          448    i.RTC_IRQHandler    stm32f10x_it.o
    0x08000e1c   0x0000007c   Code   RO          318    i.Resume            usb_pwr.o
    0x08000e98   0x00000020   Code   RO          319    i.Resume_Init       usb_pwr.o
    0x08000eb8   0x00000002   Code   RO          449    i.SPI1_IRQHandler   stm32f10x_it.o
    0x08000eba   0x00000002   Code   RO          450    i.SPI2_IRQHandler   stm32f10x_it.o
    0x08000ebc   0x00000002   Code   RO          451    i.SVCHandler        stm32f10x_it.o
    0x08000ebe   0x00000002   PAD
    0x08000ec0   0x00000010   Code   RO          961    i.SetBTABLE         usb_regs.o
    0x08000ed0   0x0000003c   Code   RO          746    i.SetDeviceAddress  usb_core.o
    0x08000f0c   0x00000020   Code   RO          975    i.SetEPRxAddr       usb_regs.o
    0x08000f2c   0x00000040   Code   RO          976    i.SetEPRxCount      usb_regs.o
    0x08000f6c   0x0000002c   Code   RO          977    i.SetEPRxStatus     usb_regs.o
    0x08000f98   0x0000001c   Code   RO          978    i.SetEPRxValid      usb_regs.o
    0x08000fb4   0x00000020   Code   RO          979    i.SetEPTxAddr       usb_regs.o
    0x08000fd4   0x0000001c   Code   RO          980    i.SetEPTxCount      usb_regs.o
    0x08000ff0   0x0000002c   Code   RO          981    i.SetEPTxStatus     usb_regs.o
    0x0800101c   0x0000001c   Code   RO          982    i.SetEPTxValid      usb_regs.o
    0x08001038   0x0000001c   Code   RO          983    i.SetEPType         usb_regs.o
    0x08001054   0x000000ec   Code   RO          364    i.Set_System        hw_config.o
    0x08001140   0x00000014   Code   RO          365    i.Set_USBClock      hw_config.o
    0x08001154   0x00000068   Code   RO          747    i.Setup0_Process    usb_core.o
    0x080011bc   0x000000e0   Code   RO          748    i.Standard_ClearFeature  usb_core.o
    0x0800129c   0x00000028   Code   RO          749    i.Standard_GetConfiguration  usb_core.o
    0x080012c4   0x0000001c   Code   RO          750    i.Standard_GetDescriptorData  usb_core.o
    0x080012e0   0x00000028   Code   RO          751    i.Standard_GetInterface  usb_core.o
    0x08001308   0x0000008c   Code   RO          752    i.Standard_GetStatus  usb_core.o
    0x08001394   0x00000038   Code   RO          753    i.Standard_SetConfiguration  usb_core.o
    0x080013cc   0x00000024   Code   RO          754    i.Standard_SetDeviceFeature  usb_core.o
    0x080013f0   0x00000080   Code   RO          755    i.Standard_SetEndPointFeature  usb_core.o
    0x08001470   0x00000048   Code   RO          756    i.Standard_SetInterface  usb_core.o
    0x080014b8   0x00000020   Code   RO          320    i.Suspend           usb_pwr.o
    0x080014d8   0x00000002   Code   RO          452    i.SysTickHandler    stm32f10x_it.o
    0x080014da   0x00000002   Code   RO          453    i.TAMPER_IRQHandler  stm32f10x_it.o
    0x080014dc   0x00000002   Code   RO          454    i.TIM1_BRK_IRQHandler  stm32f10x_it.o
    0x080014de   0x00000002   Code   RO          455    i.TIM1_CC_IRQHandler  stm32f10x_it.o
    0x080014e0   0x00000002   Code   RO          456    i.TIM1_TRG_COM_IRQHandler  stm32f10x_it.o
    0x080014e2   0x00000002   Code   RO          457    i.TIM1_UP_IRQHandler  stm32f10x_it.o
    0x080014e4   0x00000002   Code   RO          458    i.TIM2_IRQHandler   stm32f10x_it.o
    0x080014e6   0x00000002   Code   RO          459    i.TIM3_IRQHandler   stm32f10x_it.o
    0x080014e8   0x00000002   Code   RO          460    i.TIM4_IRQHandler   stm32f10x_it.o
    0x080014ea   0x00000002   Code   RO          461    i.USART1_IRQHandler  stm32f10x_it.o
    0x080014ec   0x00000002   Code   RO          462    i.USART2_IRQHandler  stm32f10x_it.o
    0x080014ee   0x00000002   Code   RO          463    i.USART3_IRQHandler  stm32f10x_it.o
    0x080014f0   0x00000002   Code   RO          464    i.USBWakeUp_IRQHandler  stm32f10x_it.o
    0x080014f2   0x00000002   PAD
    0x080014f4   0x00000018   Code   RO          366    i.USB_Cable_Config  hw_config.o
    0x0800150c   0x00000002   Code   RO          465    i.USB_HP_CAN_TX_IRQHandler  stm32f10x_it.o
    0x0800150e   0x00000002   PAD
    0x08001510   0x00000028   Code   RO          857    i.USB_Init          usb_init.o
    0x08001538   0x00000032   Code   RO          367    i.USB_Interrupts_Config  hw_config.o
    0x0800156a   0x00000002   PAD
    0x0800156c   0x000000bc   Code   RO          179    i.USB_Istr          usb_istr.o
    0x08001628   0x00000004   Code   RO          466    i.USB_LP_CAN_RX0_IRQHandler  stm32f10x_it.o
    0x0800162c   0x00000002   Code   RO          467    i.UsageFaultException  stm32f10x_it.o
    0x0800162e   0x00000002   PAD
    0x08001630   0x00000028   Code   RO          914    i.UserToPMABufferCopy  usb_mem.o
    0x08001658   0x00000002   Code   RO          468    i.WWDG_IRQHandler   stm32f10x_it.o
    0x0800165a   0x0000000e   Code   RO         1973    i.__scatterload_copy  mc_w.l(handlers.o)
    0x08001668   0x00000002   Code   RO         1974    i.__scatterload_null  mc_w.l(handlers.o)
    0x0800166a   0x0000000e   Code   RO         1975    i.__scatterload_zeroinit  mc_w.l(handlers.o)
    0x08001678   0x00000022   Code   RO           11    i.main              main.o
    0x0800169a   0x00000012   Data   RO          146    .constdata          usb_desc.o
    0x080016ac   0x00000022   Data   RO          147    .constdata          usb_desc.o
    0x080016ce   0x0000004a   Data   RO          148    .constdata          usb_desc.o
    0x08001718   0x00000004   Data   RO          149    .constdata          usb_desc.o
    0x0800171c   0x00000026   Data   RO          150    .constdata          usb_desc.o
    0x08001742   0x0000001e   Data   RO          151    .constdata          usb_desc.o
    0x08001760   0x0000001a   Data   RO          152    .constdata          usb_desc.o
    0x0800177a   0x00000002   PAD
    0x0800177c   0x00000020   Data   RO         1971    Region$$Table       anon$$obj.o


    Execution Region RW_IRAM1 (Base: 0x20000000, Size: 0x00000320, Max: 0x00005000, ABSOLUTE)

    Base Addr    Size         Type   Attr      Idx    E Section Name        Object

    0x20000000   0x00000004   Data   RW          180    .data               usb_istr.o
    0x20000004   0x0000001c   Data   RW          181    .data               usb_istr.o
    0x20000020   0x0000001c   Data   RW          182    .data               usb_istr.o
    0x2000003c   0x00000002   Data   RW          223    .data               usb_prop.o
    0x2000003e   0x00000002   PAD
    0x20000040   0x00000074   Data   RW          224    .data               usb_prop.o
    0x200000b4   0x00000024   Data   RW          225    .data               usb_prop.o
    0x200000d8   0x00000001   Data   RW          321    .data               usb_pwr.o
    0x200000d9   0x00000001   Data   RW          322    .data               usb_pwr.o
    0x200000da   0x00000002   Data   RW          323    .data               usb_pwr.o
    0x200000dc   0x00000001   Data   RW          368    .data               hw_config.o
    0x200000dd   0x00000001   PAD
    0x200000de   0x00000002   Data   RW          757    .data               usb_core.o
    0x200000e0   0x00000001   Data   RW          859    .data               usb_init.o
    0x200000e1   0x00000003   PAD
    0x200000e4   0x0000000c   Data   RW          860    .data               usb_init.o
    0x200000f0   0x00000002   Data   RW          862    .data               usb_init.o
    0x200000f2   0x00000004   Data   RW          885    .data               usb_int.o
    0x200000f6   0x00000002   PAD
    0x200000f8   0x00000008   Data   RW         1788    .data               STM32F10xR.LIB(stm32f10x_rcc.o)
    0x20000100   0x0000001c   Zero   RW          858    .bss                usb_init.o
    0x2000011c   0x00000004   PAD
    0x20000120   0x00000200   Zero   RW            1    STACK               stm32f10x.o


==============================================================================

Image component sizes


      Code (inc. data)   RO Data    RW Data    ZI Data      Debug   Object Name

       552         38          0          1          0       3879   hw_config.o
        34          0          0          0          0      19551   main.o
         8          4        236          0        512        300   stm32f10x.o
       106          0          0          0          0      18555   stm32f10x_it.o
      2038        266          0          2          0      12756   usb_core.o
         0          0        224          0          0       4329   usb_desc.o
        40         18          0         15         28       3730   usb_init.o
       376         26          0          4          0       1041   usb_int.o
       188         20          0         60          0       1096   usb_istr.o
        68         10          0          0          0       1520   usb_mem.o
       482        104          0        154          0       9748   usb_prop.o
       232         34          0          4          0       2838   usb_pwr.o
       510        100          0          0          0       7574   usb_regs.o

    ----------------------------------------------------------------------
      4656        620        494        248        544      86917   Object Totals
         0          0         32          0          0          0   (incl. Generated)
        22          0          2          8          4          0   (incl. Padding)

    ----------------------------------------------------------------------

      Code (inc. data)   RO Data    RW Data    ZI Data      Debug   Library Member Name

        48         12          0          0          0      17005   stm32f10x_flash.o
       182          0          0          0          0      17032   stm32f10x_gpio.o
       156         18          0          0          0       9589   stm32f10x_nvic.o
       420         90          0          8          0       9236   stm32f10x_rcc.o
         0          0          0          0          0          0   entry.o
         8          4          0          0          0          0   entry2.o
         4          0          0          0          0          0   entry5.o
         8          4          0          0          0          0   entry7.o
        30          0          0          0          0          0   handlers.o
        36          8          0          0          0         68   init.o

    ----------------------------------------------------------------------
       894        136          0          8          0      52930   Library Totals
         2          0          0          0          0          0   (incl. Padding)

    ----------------------------------------------------------------------

      Code (inc. data)   RO Data    RW Data    ZI Data      Debug   Library Name

       806        120          0          8          0      52862   STM32F10xR.LIB
        86         16          0          0          0         68   mc_w.l

    ----------------------------------------------------------------------
       894        136          0          8          0      52930   Library Totals

    ----------------------------------------------------------------------

==============================================================================


      Code (inc. data)   RO Data    RW Data    ZI Data      Debug   

      5550        756        494        256        544     132969   Grand Totals
      5550        756        494        256        544     132969   ELF Image Totals
      5550        756        494        256          0          0   ROM Totals

==============================================================================

    Total RO  Size (Code + RO Data)                 6044 (   5.90kB)
    Total RW  Size (RW Data + ZI Data)               800 (   0.78kB)
    Total ROM Size (Code + RO Data + RW Data)       6300 (   6.15kB)

==============================================================================

