<html>
<body>
<pre>
<h1>µVision3 Build Log</h1>
<h2>Project:</h2>
D:\CVS\ArmToolsSupport\MDKBooks\The STM32F10X Application Base on MDK\software\USB_test\USB_TEST.uv2
Project File Date:  05/04/2007

<h2>Output:</h2>
Build target 'USB_TEST'
assembling STM32F10x.s...
compiling stm32f10x_it.c...
compiling usb_desc.c...
usb_desc.c(17): error:  #5: cannot open source input file "usb_lib.h": No such file or directory
compiling usb_istr.c...
usb_istr.c(17): error:  #5: cannot open source input file "usb_lib.h": No such file or directory
compiling usb_prop.c...
usb_prop.c(17): error:  #5: cannot open source input file "usb_lib.h": No such file or directory
compiling usb_pwr.c...
usb_pwr.c(18): error:  #5: cannot open source input file "usb_lib.h": No such file or directory
compiling hw_config.c...
.\include\hw_config.h(21): error:  #5: cannot open source input file "usb_type.h": No such file or directory
compiling main.c...
main.c(18): error:  #5: cannot open source input file "usb_lib.h": No such file or directory
compiling usb_core.c...
usb_core.c: Error:  #5: cannot open source input file "..\usb_library\src\usb_core.c": No such file or directory
Target not created
Build target 'USB_TEST'
assembling STM32F10x.s...
compiling stm32f10x_it.c...
compiling usb_desc.c...
usb_desc.c(17): error:  #5: cannot open source input file "usb_lib.h": No such file or directory
compiling usb_istr.c...
usb_istr.c(17): error:  #5: cannot open source input file "usb_lib.h": No such file or directory
compiling usb_prop.c...
usb_prop.c(17): error:  #5: cannot open source input file "usb_lib.h": No such file or directory
compiling usb_pwr.c...
usb_pwr.c(18): error:  #5: cannot open source input file "usb_lib.h": No such file or directory
compiling hw_config.c...
.\include\hw_config.h(21): error:  #5: cannot open source input file "usb_type.h": No such file or directory
compiling main.c...
main.c(18): error:  #5: cannot open source input file "usb_lib.h": No such file or directory
compiling usb_core.c...
usb_library\src\usb_core.c(17): error:  #5: cannot open source input file "usb_lib.h": No such file or directory
compiling usb_init.c...
usb_library\src\usb_init.c(17): error:  #5: cannot open source input file "usb_lib.h": No such file or directory
compiling usb_int.c...
usb_library\src\usb_int.c(17): error:  #5: cannot open source input file "usb_lib.h": No such file or directory
compiling usb_mem.c...
usb_library\src\usb_mem.c(17): error:  #5: cannot open source input file "usb_lib.h": No such file or directory
compiling usb_regs.c...
usb_library\src\usb_regs.c(17): error:  #5: cannot open source input file "usb_lib.h": No such file or directory
Target not created
Build target 'USB_TEST'
assembling STM32F10x.s...
compiling stm32f10x_it.c...
compiling usb_desc.c...
compiling usb_istr.c...
compiling usb_prop.c...
compiling usb_pwr.c...
compiling hw_config.c...
compiling main.c...
compiling usb_core.c...
compiling usb_init.c...
compiling usb_int.c...
compiling usb_mem.c...
compiling usb_regs.c...
linking...
Program Size: Code=5916 RO-data=492 RW-data=244 ZI-data=540  
".\Obj\JoyStickMouse.axf" - 0 Error(s), 0 Warning(s).
Clean started: Project: 'USB_TEST'
   deleting intermediate output files for target 'USB_TEST'
