<html>
<body>
<pre>
<h1>礦ision Build Log</h1>
<h2>Project:</h2>
E:\Boards\M3\核心板\实验例程\18.USB_test\USB.uvproj
Project File Date:  <unknown>

<h2>Output:</h2>
Build target 'USB_TEST'
assembling STM32F10x.s...
creating preprocessor file for main.c...
compiling main.c...
creating preprocessor file for usb_desc.c...
compiling usb_desc.c...
creating preprocessor file for usb_istr.c...
compiling usb_istr.c...
creating preprocessor file for usb_prop.c...
compiling usb_prop.c...
creating preprocessor file for usb_pwr.c...
compiling usb_pwr.c...
creating preprocessor file for hw_config.c...
compiling hw_config.c...
creating preprocessor file for stm32f10x_it.c...
compiling stm32f10x_it.c...
creating preprocessor file for usb_core.c...
compiling usb_core.c...
creating preprocessor file for usb_init.c...
compiling usb_init.c...
creating preprocessor file for usb_int.c...
compiling usb_int.c...
creating preprocessor file for usb_mem.c...
compiling usb_mem.c...
creating preprocessor file for usb_regs.c...
compiling usb_regs.c...
linking...
Program Size: Code=5550 RO-data=494 RW-data=256 ZI-data=544  
FromELF: creating hex file...
".\Obj\USB_TEST.axf" - 0 Error(s), 0 Warning(s).
