<html>
<body>
<pre>
<h1>礦ision Build Log</h1>
<h2>Project:</h2>
E:\Boards\M3\核心板\实验例程\3.NVIC_test优先级抢占\NVIC.uvproj
Project File Date:  <unknown>

<h2>Output:</h2>
Build target 'NIVC'
assembling STM32F10x.s...
creating preprocessor file for main.c...
compiling main.c...
creating preprocessor file for stm32f10x_it.c...
compiling stm32f10x_it.c...
linking...
Program Size: Code=2188 RO-data=268 RW-data=32 ZI-data=608  
FromELF: creating hex file...
".\output\release.axf" - 0 Error(s), 0 Warning(s).
Build target 'NIVC'
assembling STM32F10x.s...
creating preprocessor file for main.c...
compiling main.c...
creating preprocessor file for stm32f10x_it.c...
compiling stm32f10x_it.c...
linking...
Program Size: Code=2188 RO-data=268 RW-data=32 ZI-data=608  
FromELF: creating hex file...
".\output\release.axf" - 0 Error(s), 0 Warning(s).
Build target 'NIVC'
assembling STM32F10x.s...
creating preprocessor file for main.c...
compiling main.c...
creating preprocessor file for stm32f10x_it.c...
compiling stm32f10x_it.c...
linking...
Program Size: Code=2188 RO-data=268 RW-data=32 ZI-data=608  
FromELF: creating hex file...
".\output\release.axf" - 0 Error(s), 0 Warning(s).
Build target 'NIVC'
assembling STM32F10x.s...
creating preprocessor file for main.c...
compiling main.c...
creating preprocessor file for stm32f10x_it.c...
compiling stm32f10x_it.c...
linking...
Program Size: Code=2192 RO-data=268 RW-data=28 ZI-data=612  
FromELF: creating hex file...
".\output\release.axf" - 0 Error(s), 0 Warning(s).
Build target 'NIVC'
assembling STM32F10x.s...
creating preprocessor file for main.c...
compiling main.c...
creating preprocessor file for stm32f10x_it.c...
compiling stm32f10x_it.c...
linking...
Program Size: Code=2168 RO-data=268 RW-data=28 ZI-data=612  
FromELF: creating hex file...
".\output\release.axf" - 0 Error(s), 0 Warning(s).
Build target 'NIVC'
assembling STM32F10x.s...
creating preprocessor file for main.c...
compiling main.c...
creating preprocessor file for stm32f10x_it.c...
compiling stm32f10x_it.c...
linking...
Program Size: Code=2168 RO-data=268 RW-data=28 ZI-data=612  
FromELF: creating hex file...
".\output\release.axf" - 0 Error(s), 0 Warning(s).
Build target 'NIVC'
assembling STM32F10x.s...
creating preprocessor file for main.c...
compiling main.c...
creating preprocessor file for stm32f10x_it.c...
compiling stm32f10x_it.c...
linking...
Program Size: Code=2192 RO-data=268 RW-data=28 ZI-data=612  
FromELF: creating hex file...
".\output\release.axf" - 0 Error(s), 0 Warning(s).
Build target 'NIVC'
assembling STM32F10x.s...
creating preprocessor file for main.c...
compiling main.c...
creating preprocessor file for stm32f10x_it.c...
compiling stm32f10x_it.c...
linking...
Program Size: Code=2192 RO-data=268 RW-data=28 ZI-data=612  
FromELF: creating hex file...
".\output\release.axf" - 0 Error(s), 0 Warning(s).
Build target 'NIVC'
assembling STM32F10x.s...
creating preprocessor file for main.c...
compiling main.c...
creating preprocessor file for stm32f10x_it.c...
compiling stm32f10x_it.c...
linking...
Program Size: Code=2192 RO-data=268 RW-data=28 ZI-data=612  
FromELF: creating hex file...
".\output\release.axf" - 0 Error(s), 0 Warning(s).
Build target 'NIVC'
assembling STM32F10x.s...
creating preprocessor file for main.c...
compiling main.c...
creating preprocessor file for stm32f10x_it.c...
compiling stm32f10x_it.c...
linking...
Program Size: Code=2192 RO-data=268 RW-data=28 ZI-data=612  
FromELF: creating hex file...
".\output\release.axf" - 0 Error(s), 0 Warning(s).
Build target 'NIVC'
assembling STM32F10x.s...
creating preprocessor file for main.c...
compiling main.c...
creating preprocessor file for stm32f10x_it.c...
compiling stm32f10x_it.c...
linking...
Program Size: Code=2192 RO-data=268 RW-data=28 ZI-data=612  
FromELF: creating hex file...
".\output\release.axf" - 0 Error(s), 0 Warning(s).
Build target 'NIVC'
assembling STM32F10x.s...
creating preprocessor file for main.c...
compiling main.c...
creating preprocessor file for stm32f10x_it.c...
compiling stm32f10x_it.c...
linking...
Program Size: Code=2192 RO-data=268 RW-data=28 ZI-data=612  
FromELF: creating hex file...
".\output\release.axf" - 0 Error(s), 0 Warning(s).
Build target 'NIVC'
assembling STM32F10x.s...
creating preprocessor file for main.c...
compiling main.c...
creating preprocessor file for stm32f10x_it.c...
compiling stm32f10x_it.c...
linking...
Program Size: Code=2188 RO-data=268 RW-data=28 ZI-data=612  
FromELF: creating hex file...
".\output\release.axf" - 0 Error(s), 0 Warning(s).
Build target 'NIVC'
assembling STM32F10x.s...
creating preprocessor file for main.c...
compiling main.c...
creating preprocessor file for stm32f10x_it.c...
compiling stm32f10x_it.c...
linking...
Program Size: Code=2172 RO-data=268 RW-data=28 ZI-data=612  
FromELF: creating hex file...
".\output\release.axf" - 0 Error(s), 0 Warning(s).
Build target 'NIVC'
assembling STM32F10x.s...
creating preprocessor file for main.c...
compiling main.c...
creating preprocessor file for stm32f10x_it.c...
compiling stm32f10x_it.c...
linking...
Program Size: Code=2172 RO-data=268 RW-data=28 ZI-data=612  
FromELF: creating hex file...
".\output\release.axf" - 0 Error(s), 0 Warning(s).
Build target 'NIVC'
assembling STM32F10x.s...
creating preprocessor file for main.c...
compiling main.c...
creating preprocessor file for stm32f10x_it.c...
compiling stm32f10x_it.c...
linking...
Program Size: Code=2172 RO-data=268 RW-data=28 ZI-data=612  
FromELF: creating hex file...
".\output\release.axf" - 0 Error(s), 0 Warning(s).
Build target 'NIVC'
assembling STM32F10x.s...
creating preprocessor file for main.c...
compiling main.c...
creating preprocessor file for stm32f10x_it.c...
compiling stm32f10x_it.c...
linking...
Program Size: Code=2180 RO-data=268 RW-data=28 ZI-data=612  
FromELF: creating hex file...
".\output\release.axf" - 0 Error(s), 0 Warning(s).
Build target 'NIVC'
assembling STM32F10x.s...
creating preprocessor file for main.c...
compiling main.c...
creating preprocessor file for stm32f10x_it.c...
compiling stm32f10x_it.c...
linking...
Program Size: Code=2192 RO-data=268 RW-data=28 ZI-data=612  
FromELF: creating hex file...
".\output\release.axf" - 0 Error(s), 0 Warning(s).
Build target 'NIVC'
assembling STM32F10x.s...
creating preprocessor file for main.c...
compiling main.c...
creating preprocessor file for stm32f10x_it.c...
compiling stm32f10x_it.c...
linking...
Program Size: Code=2188 RO-data=268 RW-data=28 ZI-data=612  
FromELF: creating hex file...
".\output\release.axf" - 0 Error(s), 0 Warning(s).
Build target 'NIVC'
assembling STM32F10x.s...
creating preprocessor file for main.c...
compiling main.c...
creating preprocessor file for stm32f10x_it.c...
compiling stm32f10x_it.c...
linking...
Program Size: Code=2188 RO-data=268 RW-data=28 ZI-data=612  
FromELF: creating hex file...
".\output\release.axf" - 0 Error(s), 0 Warning(s).
Build target 'NIVC'
assembling STM32F10x.s...
creating preprocessor file for main.c...
compiling main.c...
creating preprocessor file for stm32f10x_it.c...
compiling stm32f10x_it.c...
linking...
Program Size: Code=2188 RO-data=268 RW-data=28 ZI-data=612  
FromELF: creating hex file...
".\output\release.axf" - 0 Error(s), 0 Warning(s).
