<html>
<body>
<pre>
<h1>礦ision Build Log</h1>
<h2>Project:</h2>
E:\Boards\M3\核心板\实验例程\8.BKP_test_备份寄存器使用\BKP.uvproj
Project File Date:  <unknown>

<h2>Output:</h2>
Build target 'BKP_test'
assembling STM32F10x.s...
creating preprocessor file for main.c...
compiling main.c...
creating preprocessor file for stm32f10x_it.c...
compiling stm32f10x_it.c...
linking...
Program Size: Code=4460 RO-data=360 RW-data=16 ZI-data=512  
FromELF: creating hex file...
".\output\release.axf" - 0 Error(s), 0 Warning(s).
Build target 'BKP_test'
assembling STM32F10x.s...
creating preprocessor file for main.c...
compiling main.c...
creating preprocessor file for stm32f10x_it.c...
compiling stm32f10x_it.c...
linking...
Program Size: Code=4460 RO-data=360 RW-data=16 ZI-data=512  
FromELF: creating hex file...
".\output\release.axf" - 0 Error(s), 0 Warning(s).
Build target 'BKP_test'
assembling STM32F10x.s...
creating preprocessor file for main.c...
compiling main.c...
creating preprocessor file for stm32f10x_it.c...
compiling stm32f10x_it.c...
linking...
Program Size: Code=4460 RO-data=360 RW-data=16 ZI-data=512  
FromELF: creating hex file...
".\output\release.axf" - 0 Error(s), 0 Warning(s).
Build target 'BKP_test'
assembling STM32F10x.s...
creating preprocessor file for main.c...
compiling main.c...
creating preprocessor file for stm32f10x_it.c...
compiling stm32f10x_it.c...
linking...
Program Size: Code=4460 RO-data=360 RW-data=16 ZI-data=512  
FromELF: creating hex file...
".\output\release.axf" - 0 Error(s), 0 Warning(s).
Build target 'BKP_test'
assembling STM32F10x.s...
creating preprocessor file for main.c...
compiling main.c...
creating preprocessor file for stm32f10x_it.c...
compiling stm32f10x_it.c...
linking...
Program Size: Code=4460 RO-data=360 RW-data=16 ZI-data=512  
FromELF: creating hex file...
".\output\release.axf" - 0 Error(s), 0 Warning(s).
